**********************
Windows PowerShell transcript start
Start time: 20260217182136
Username: WIN-ILNJUUJNPIS\Docker
RunAs User: WIN-ILNJUUJNPIS\Docker
Configuration Name: 
Machine: WIN-ILNJUUJNPIS (Microsoft Windows NT 10.0.26200.0)
Host Application: C:\WINDOWS\System32\WindowsPowerShell\v1.0\powershell.exe -ExecutionPolicy Bypass -File C:\workspace\scripts\setup_vitalrecorder.ps1
Process ID: 8508
PSVersion: 5.1.26100.6584
PSEdition: Desktop
PSCompatibleVersions: 1.0, 2.0, 3.0, 4.0, 5.0, 5.1.26100.6584
BuildVersion: 10.0.26100.6584
CLRVersion: 4.0.30319.42000
WSManStackVersion: 3.0
PSRemotingProtocolVersion: 2.3
SerializationVersion: 1.1.0.1
**********************
=== Setting up Vital Recorder ===
Step 1: Disabling OneDrive...
OneDrive disabled.
Step 2: Disabling Windows consumer features...
Step 3: Ensuring vital data files are available...
Data directory has 3 .vital files
Step 4: Warm-up launch of Vital Recorder...
Vital Recorder executable: C:\Users\Docker\AppData\Roaming\VitalRecorder\Vital.exe
schtasks : ERROR: The system cannot find the file specified.
At C:\workspace\scripts\task_utils.ps1:51 char:9
+         schtasks /Delete /TN $taskName /F 2>$null
+         ~~~~~~~~~~~~~~~~~~~~~~~~~~~~~~~~~~~~~~~~~
    + CategoryInfo          : NotSpecified: (ERROR: The syst...file specified.:String) [], RemoteException
    + FullyQualifiedErrorId : NativeCommandError


SUCCESS: The scheduled task "LaunchVitalRecorder_GA" has successfully been creat
ed.
SUCCESS: Attempted to run the scheduled task "LaunchVitalRecorder_GA".
SUCCESS: The scheduled task "LaunchVitalRecorder_GA" was successfully deleted.
Running dialog dismissal...
schtasks : ERROR: The system cannot find the file specified.
At C:\workspace\scripts\task_utils.ps1:75 char:9
+         schtasks /Delete /TN $TaskName /F 2>$null
+         ~~~~~~~~~~~~~~~~~~~~~~~~~~~~~~~~~~~~~~~~~
    + CategoryInfo          : NotSpecified: (ERROR: The syst...file specified.:String) [], RemoteException
    + FullyQualifiedErrorId : NativeCommandError


SUCCESS: The scheduled task "DismissDialogsWarmup_GA" has successfully been crea
ted.
SUCCESS: Attempted to run the scheduled task "DismissDialogsWarmup_GA".
SUCCESS: The scheduled task "DismissDialogsWarmup_GA" was successfully deleted.
Killing Vital Recorder after warm-up...
Step 5: Hiding command windows...
=== Vital Recorder setup complete ===
**********************
Windows PowerShell transcript end
End time: 20260217182217
**********************
