**********************
Windows PowerShell transcript start
Start time: 20260217182111
Username: WIN-ILNJUUJNPIS\Docker
RunAs User: WIN-ILNJUUJNPIS\Docker
Configuration Name: 
Machine: WIN-ILNJUUJNPIS (Microsoft Windows NT 10.0.26200.0)
Host Application: C:\WINDOWS\System32\WindowsPowerShell\v1.0\powershell.exe -ExecutionPolicy Bypass -File C:\workspace\scripts\install_vitalrecorder.ps1
Process ID: 168
PSVersion: 5.1.26100.6584
PSEdition: Desktop
PSCompatibleVersions: 1.0, 2.0, 3.0, 4.0, 5.0, 5.1.26100.6584
BuildVersion: 10.0.26100.6584
CLRVersion: 4.0.30319.42000
WSManStackVersion: 3.0
PSRemotingProtocolVersion: 2.3
SerializationVersion: 1.1.0.1
**********************
=== Installing Vital Recorder ===
Downloading Vital Recorder MSI installer...

Downloaded MSI: 6.9 MB
Step 1: Initial MSI install...
MSI initial install exit code: 0
Step 2: Forcing full file extraction (REINSTALL=ALL)...
MSI reinstall exit code: 0
Vital Recorder installed successfully at: C:\Users\Docker\AppData\Roaming\VitalRecorder\Vital.exe
Copying vital data files to Desktop...
Copied 3 .vital files to C:\Users\Docker\Desktop\VitalRecorderData
=== Vital Recorder installation complete ===
**********************
Windows PowerShell transcript end
End time: 20260217182132
**********************
