=== Setting up NASA Panoply environment ===
Checking data files...
  Missing: air.mon.ltm.nc
  Missing: sst.ltm.1991-2020.nc
  Missing: prate.sfc.mon.ltm.nc
  Missing: slp.mon.ltm.nc
  Missing: pres.mon.ltm.nc
Performing warm-up launch of Panoply...
-bash: line 1: /opt/PanoplyJ/panoply.sh: No such file or directory
Waiting for Panoply window to appear...
Warning: Panoply window not detected within 60s
Checking if Java process is running...
ga          4794  0.0  0.0   7372  3680 pts/0    Ss+  03:25   0:00 bash -c sudo -E bash -lc /workspace/scripts/setup_panoply.sh > /home/ga/env_setup_post_start.log 2>&1
root        4796  0.0  0.1  11828  5976 pts/0    S+   03:25   0:00 sudo -E bash -lc /workspace/scripts/setup_panoply.sh
root        4797  0.0  0.0  11828   968 pts/1    Ss   03:25   0:00 sudo -E bash -lc /workspace/scripts/setup_panoply.sh
root        4798  0.0  0.0   7372  3620 pts/1    S+   03:25   0:00 /bin/bash /workspace/scripts/setup_panoply.sh
root        4931  0.0  0.0   6612  2264 pts/1    S+   03:26   0:00 grep -i panoply
root        4933  0.0  0.0   6480  2348 pts/1    S+   03:26   0:00 grep java
Closing warm-up Panoply instance...
=== NASA Panoply setup complete ===
Data files: /home/ga/PanoplyData
total 0
