=== Installing NASA Panoply ===
Hit:1 http://archive.ubuntu.com/ubuntu jammy InRelease
Hit:2 http://archive.ubuntu.com/ubuntu jammy-updates InRelease
Hit:3 http://archive.ubuntu.com/ubuntu jammy-backports InRelease
Hit:4 http://security.ubuntu.com/ubuntu jammy-security InRelease
Reading package lists...
Installing Java JDK...
Reading package lists...
Building dependency tree...
Reading state information...
default-jdk is already the newest version (2:1.11-72build2).
x11-utils is already the newest version (7.7+5build2).
scrot is already the newest version (1.7-1).
wmctrl is already the newest version (1.07-7build1).
xdotool is already the newest version (1:3.20160805.1-4).
curl is already the newest version (7.81.0-1ubuntu1.22).
unzip is already the newest version (6.0-26ubuntu3.2).
wget is already the newest version (1.21.2-2ubuntu1.1).
imagemagick is already the newest version (8:6.9.11.60+dfsg-1.3ubuntu0.22.04.5).
python3-pip is already the newest version (22.0.2+dfsg-1ubuntu0.7).
python3-venv is already the newest version (3.10.6-1~22.04.1).
0 upgraded, 0 newly installed, 0 to remove and 137 not upgraded.
openjdk version "11.0.30" 2026-01-20
OpenJDK Runtime Environment (build 11.0.30+7-post-Ubuntu-1ubuntu122.04)
OpenJDK 64-Bit Server VM (build 11.0.30+7-post-Ubuntu-1ubuntu122.04, mixed mode, sharing)
Downloading NASA Panoply...
Trying alternative download...
Trying version 5.6.2...
Trying version 5.6.1...
Trying version 5.6.0...
Trying version 5.5.5...
Trying version 5.5.4...
Trying version 5.5.3...
Trying version 5.5.2...
Trying version 5.5.1...
Trying version 5.5.0...
Trying version 5.4.2...
Trying version 5.3.3...
Trying version 5.3.2...
Trying version 5.3.1...
Trying version 5.2.9...
Trying version 5.2.8...
ERROR: Panoply download failed
