=== Setting up NASA Panoply environment ===
Checking data files...
  Found: air.mon.ltm.nc (657356 bytes)
  Found: sst.ltm.1991-2020.nc (3441836 bytes)
  Found: prate.sfc.mon.ltm.nc (726425 bytes)
  Found: slp.mon.ltm.nc (552234 bytes)
  Found: pres.mon.ltm.nc (602061 bytes)
Performing warm-up launch of Panoply...
Waiting for Panoply window to appear...
Mar 03, 2026 4:25:56 AM gov.nasa.giss.panoply.log.PanLoggingUtils redirectToFile
INFO: Creating logs directory /home/ga/.gissjava/logs
Gtk-Message: 04:25:57.008: Failed to load module "canberra-gtk-module"
Panoply window detected after 4s
Closing warm-up Panoply instance...
=== NASA Panoply setup complete ===
Data files: /home/ga/PanoplyData
total 5.8M
-rw-r--r-- 1 ga ga 642K Jan 11  2023 air.mon.ltm.nc
-rw-r--r-- 1 ga ga 710K Jan  4  2022 prate.sfc.mon.ltm.nc
-rw-r--r-- 1 ga ga 588K Jul 27  2021 pres.mon.ltm.nc
-rw-r--r-- 1 ga ga 540K Jul 27  2021 slp.mon.ltm.nc
-rw-r--r-- 1 ga ga 3.3M Jun 10  2022 sst.ltm.1991-2020.nc
