=== Setting up set_work_package_dates task ===
I, [2026-02-22T14:30:03.025042 #607]  INFO -- : Increasing database pool size to 17 to match max threads
Cleared dates on blue-green WP
Found work package ID: 49
[6923, Main Thread] WARNING: GTK+ module /snap/firefox/7836/gnome-platform/usr/lib/gtk-2.0/modules/libcanberra-gtk-module.so cannot be loaded.
GTK+ 2.x symbols detected. Using GTK+ 2.x and GTK+ 3 in the same process is not supported.: 'glib warning', file /build/firefox/parts/firefox/build/toolkit/xre/nsSigHandlers.cpp:201

(firefox_firefox:6923): Gtk-WARNING **: 14:55:35.490: GTK+ module /snap/firefox/7836/gnome-platform/usr/lib/gtk-2.0/modules/libcanberra-gtk-module.so cannot be loaded.
GTK+ 2.x symbols detected. Using GTK+ 2.x and GTK+ 3 in the same process is not supported.
Gtk-Message: 14:55:35.490: Failed to load module "canberra-gtk-module"
[6923, Main Thread] WARNING: GTK+ module /snap/firefox/7836/gnome-platform/usr/lib/gtk-2.0/modules/libcanberra-gtk-module.so cannot be loaded.
GTK+ 2.x symbols detected. Using GTK+ 2.x and GTK+ 3 in the same process is not supported.: 'glib warning', file /build/firefox/parts/firefox/build/toolkit/xre/nsSigHandlers.cpp:201

(firefox_firefox:6923): Gtk-WARNING **: 14:55:35.492: GTK+ module /snap/firefox/7836/gnome-platform/usr/lib/gtk-2.0/modules/libcanberra-gtk-module.so cannot be loaded.
GTK+ 2.x symbols detected. Using GTK+ 2.x and GTK+ 3 in the same process is not supported.
Gtk-Message: 14:55:35.492: Failed to load module "canberra-gtk-module"
[Parent 6923, Main Thread] WARNING: Failed to create DBus proxy for org.a11y.Bus: Failed to execute child process “dbus-launch” (No such file or directory)
: 'glib warning', file /build/firefox/parts/firefox/build/toolkit/xre/nsSigHandlers.cpp:201

** (firefox_firefox:6923): WARNING **: 14:55:35.883: Failed to create DBus proxy for org.a11y.Bus: Failed to execute child process “dbus-launch” (No such file or directory)

Firefox window appeared
libEGL warning: DRI2: failed to authenticate
/tmp/task_set_wp_dates_start.png
=== Task setup complete: set_work_package_dates ===