=== Setting up enter_case_record task ===
Edge killer task started: KillEdge_e3fdcc82
Epi Info 7 processes stopped
Using EColi_classic project: C:\EpiInfo7\Projects\EColi\EColi_classic\EColi_classic.prj
WARNING: EColi_classic.prj not found. Available PRJ files:
  C:\EpiInfo7\Projects\BeefPrevention\BeefPrevention.prj
  C:\EpiInfo7\Projects\Cholera\Cholera_in_Rwenshama_2.prj
  C:\EpiInfo7\Projects\CommunityHealthAssessment\Albany County Boundary_region.prj
  C:\EpiInfo7\Projects\CommunityHealthAssessment\ALBZCTA_region.prj
  C:\EpiInfo7\Projects\CommunityHealthAssessment\CommunityHealthAssessment.prj
  C:\EpiInfo7\Projects\EColi\EColi.prj
  C:\EpiInfo7\Projects\H1N1ShortForm\H1N1ShortForm.prj
  C:\EpiInfo7\Projects\HansensDisease\HansensDisease.prj
  C:\EpiInfo7\Projects\HIV\HIV.prj
  C:\EpiInfo7\Projects\HuttYouthSurvey\HuttYouthSurvey.prj
  C:\EpiInfo7\Projects\JohnSnow\JohnSnow.prj
  C:\EpiInfo7\Projects\LandmineStudy\LandmineStudy.prj
  C:\EpiInfo7\Projects\Legionellosis\Legionellosis.prj
  C:\EpiInfo7\Projects\Lyme\Lyme.prj
  C:\EpiInfo7\Projects\Mumps\Mumps.prj
  C:\EpiInfo7\Projects\Salmonellosis\Salmonellosis.prj
  C:\EpiInfo7\Projects\Sample\Sample.prj
  C:\EpiInfo7\Projects\STEPS\STEPS_EI7.prj
Launching Enter module with EColi_classic project...
SUCCESS: The scheduled task "LaunchEnterProject_Task" has successfully been created.
SUCCESS: Attempted to run the scheduled task "LaunchEnterProject_Task".
Enter module launched. Waiting 20 seconds for startup...
SUCCESS: The scheduled task "LaunchEnterProject_Task" was successfully deleted.
WARNING: Could not find Epi Info window handle
Accepting Open Form dialog (clicking OK to open FoodHistory)...
Enter module screenshot saved: task_enter_ready.png
Edge killer task stopped
=== enter_case_record task setup complete ===
Epi Info 7 Enter module is open with EColi_classic FoodHistory form.
Fields: RECNUM, SEX, AGENUM, ILLDUM (Yes/No), ONSETDATE, HAMBURGER (Yes/No)
Agent should enter a new record:
  RECNUM=99, SEX=M, AGENUM=34, ILLDUM=Yes (ill), ONSETDATE=06/15/1993, HAMBURGER=Yes
