=== Setting up create_2x2_table task ===
Edge killer task started: KillEdge_42b954a3
Epi Info 7 processes stopped
Using EColi classic dataset at: C:\EpiInfo7\Projects\EColi\EColi_classic\EColi_classic.mdb
Launching Epi Info 7 Classic Analysis (Analysis.exe)...
SUCCESS: The scheduled task "LaunchEpiModule_Task" has successfully been created.
SUCCESS: Attempted to run the scheduled task "LaunchEpiModule_Task".
Analysis.exe launched. Waiting 15 seconds for startup...
SUCCESS: The scheduled task "LaunchEpiModule_Task" was successfully deleted.
Epi Info module Analysis.exe launched in interactive session
Dialog dismiss attempt 1/3
Dialog dismiss attempt 2/3
Dialog dismiss attempt 3/3
Focusing Classic Analysis window...
Loading EColi FoodHistory dataset...
Typing: READ {C:\EpiInfo7\Projects\EColi\EColi_classic\EColi_classic.mdb}:FoodHistory
Screenshot saved: task_2x2_after_read.png
Edge killer task stopped
=== create_2x2_table task setup complete ===
Epi Info 7 Classic Analysis is open with EColi classic dataset loaded (359 records, fields: ILLDUM HAMBURGER AGENUM SEX ONSETDATE).
Agent should run: TABLES HAMBURGER ILLDUM
