=== Setting up run_frequency_analysis task ===
Edge killer task started: KillEdge_c900da7c
Epi Info 7 processes stopped
Using EColi classic dataset at: C:\EpiInfo7\Projects\EColi\EColi_classic\EColi_classic.mdb
Launching Epi Info 7 Classic Analysis (Analysis.exe)...
SUCCESS: The scheduled task "LaunchEpiModule_Task" has successfully been created.
SUCCESS: Attempted to run the scheduled task "LaunchEpiModule_Task".
Analysis.exe launched. Waiting 15 seconds for startup...
SUCCESS: The scheduled task "LaunchEpiModule_Task" was successfully deleted.
Epi Info module Analysis.exe launched in interactive session
Dialog dismiss attempt 1/3
Dialog dismiss attempt 2/3
Dialog dismiss attempt 3/3
Focusing Classic Analysis window...
Screenshot saved: task_freq_before_read.png
Loading EColi dataset via READ command...
Typing READ command: READ {C:\EpiInfo7\Projects\EColi\EColi_classic\EColi_classic.mdb}:FoodHistory
Screenshot saved: task_freq_after_read.png
Edge killer task stopped
=== run_frequency_analysis task setup complete ===
Epi Info 7 Classic Analysis is open with EColi classic dataset loaded (359 records, fields: ILLDUM HAMBURGER AGENUM SEX ONSETDATE).
Agent should run: FREQ ILLDUM
