=== Setting up Jenkins via Docker ===
Setting up Docker Compose configuration...
Setting up Jenkins auto-configuration...
Starting Jenkins Docker containers...
Pulling jenkins ... 
Pulling jenkins ... pulling from jenkins/jenkins
Pulling jenkins ... digest: sha256:d1ea795c6facd7f549...
Pulling jenkins ... status: image is up to date for j...
Pulling jenkins ... done
Creating network "jenkins_jenkins_network" with driver "bridge"
Creating volume "jenkins_jenkins_home" with local driver
Creating jenkins-server ... 
Creating jenkins-server ... done
Containers starting...
     Name                   Command               State                                           Ports                                         
------------------------------------------------------------------------------------------------------------------------------------------------
jenkins-server   /usr/bin/tini -- /usr/loca ...   Up      0.0.0.0:50000->50000/tcp,:::50000->50000/tcp, 0.0.0.0:8080->8080/tcp,:::8080->8080/tcp
Waiting for Jenkins to be ready (this may take a few minutes on first run)...
  Waiting... 5s (HTTP 000)
Jenkins is ready after 5s (HTTP 200)

Container status:
     Name                   Command               State                                           Ports                                         
------------------------------------------------------------------------------------------------------------------------------------------------
jenkins-server   /usr/bin/tini -- /usr/loca ...   Up      0.0.0.0:50000->50000/tcp,:::50000->50000/tcp, 0.0.0.0:8080->8080/tcp,:::8080->8080/tcp

Verifying Jenkins setup...
Jenkins UI is accessible
Setting up Firefox profile...
Launching Firefox with Jenkins...
Firefox window detected after 1s

=== Jenkins Setup Complete ===

Jenkins is running at: http://localhost:8080

Login Credentials:
  Username: admin
  Password: Admin123!

CLI commands:
  jenkins-cli list-jobs
  jenkins-cli create-job <job-name> < config.xml
  jenkins-cli build <job-name>

API commands:
  jenkins-api 'api/json?pretty=true'
  jenkins-api 'job/<job-name>/api/json'

Docker commands:
  docker-compose -f /home/ga/jenkins/docker-compose.yml logs -f
  docker-compose -f /home/ga/jenkins/docker-compose.yml ps

