update.go:85: cannot change mount namespace according to change mount (/var/lib/snapd/hostfs/usr/local/share/doc /usr/local/share/doc none bind,ro 0 0): cannot write to "/var/lib/snapd/hostfs/usr/local/share/doc" because it would affect the host in "/var/lib/snapd"
update.go:85: cannot change mount namespace according to change mount (/var/lib/snapd/hostfs/usr/share/gimp/2.0/help /usr/share/gimp/2.0/help none bind,ro 0 0): cannot write to "/var/lib/snapd/hostfs/usr/share/gimp/2.0/help" because it would affect the host in "/var/lib/snapd"
update.go:85: cannot change mount namespace according to change mount (/var/lib/snapd/hostfs/usr/share/gtk-doc /usr/share/gtk-doc none bind,ro 0 0): cannot write to "/var/lib/snapd/hostfs/usr/share/gtk-doc" because it would affect the host in "/var/lib/snapd"
update.go:85: cannot change mount namespace according to change mount (/var/lib/snapd/hostfs/usr/share/libreoffice/help /usr/share/libreoffice/help none bind,ro 0 0): cannot write to "/var/lib/snapd/hostfs/usr/share/libreoffice/help" because it would affect the host in "/var/lib/snapd"
update.go:85: cannot change mount namespace according to change mount (/var/lib/snapd/hostfs/usr/share/sphinx_rtd_theme /usr/share/sphinx_rtd_theme none bind,ro 0 0): cannot write to "/var/lib/snapd/hostfs/usr/share/sphinx_rtd_theme" because it would affect the host in "/var/lib/snapd"
update.go:85: cannot change mount namespace according to change mount (/var/lib/snapd/hostfs/usr/share/xubuntu-docs /usr/share/xubuntu-docs none bind,ro 0 0): cannot write to "/var/lib/snapd/hostfs/usr/share/xubuntu-docs" because it would affect the host in "/var/lib/snapd"
Importing existing firefox profiles from /home/ga/.mozilla/firefox
Found default profile: default-release
Import done in 0.248 s
[5823, Main Thread] WARNING: GTK+ module /snap/firefox/7477/gnome-platform/usr/lib/gtk-2.0/modules/libcanberra-gtk-module.so cannot be loaded.
GTK+ 2.x symbols detected. Using GTK+ 2.x and GTK+ 3 in the same process is not supported.: 'glib warning', file /build/firefox/parts/firefox/build/toolkit/xre/nsSigHandlers.cpp:201

(firefox_firefox:5823): Gtk-WARNING **: 02:03:51.740: GTK+ module /snap/firefox/7477/gnome-platform/usr/lib/gtk-2.0/modules/libcanberra-gtk-module.so cannot be loaded.
GTK+ 2.x symbols detected. Using GTK+ 2.x and GTK+ 3 in the same process is not supported.
Gtk-Message: 02:03:51.740: Failed to load module "canberra-gtk-module"
[5823, Main Thread] WARNING: GTK+ module /snap/firefox/7477/gnome-platform/usr/lib/gtk-2.0/modules/libcanberra-gtk-module.so cannot be loaded.
GTK+ 2.x symbols detected. Using GTK+ 2.x and GTK+ 3 in the same process is not supported.: 'glib warning', file /build/firefox/parts/firefox/build/toolkit/xre/nsSigHandlers.cpp:201

(firefox_firefox:5823): Gtk-WARNING **: 02:03:51.743: GTK+ module /snap/firefox/7477/gnome-platform/usr/lib/gtk-2.0/modules/libcanberra-gtk-module.so cannot be loaded.
GTK+ 2.x symbols detected. Using GTK+ 2.x and GTK+ 3 in the same process is not supported.
Gtk-Message: 02:03:51.743: Failed to load module "canberra-gtk-module"
[Parent 5823, Main Thread] WARNING: Failed to create DBus proxy for org.a11y.Bus: Failed to execute child process “dbus-launch” (No such file or directory)
: 'glib warning', file /build/firefox/parts/firefox/build/toolkit/xre/nsSigHandlers.cpp:201

** (firefox_firefox:5823): WARNING **: 02:03:52.914: Failed to create DBus proxy for org.a11y.Bus: Failed to execute child process “dbus-launch” (No such file or directory)

