=== Setting up Bahmni ===
Waiting for Docker daemon...
Docker is ready
No Docker Hub credential file found (anonymous pulls will be used)
Using compose command: docker-compose
Pulling Bahmni stack images...
Starting OpenMRS database...
Creating network "bahmni_default" with the default driver
Creating volume "bahmni_openmrsdbdata" with default driver
Creating volume "bahmni_bahmni-patient-images" with default driver
Creating volume "bahmni_bahmni-document-images" with default driver
Creating volume "bahmni_bahmni-clinical-forms" with default driver
Creating volume "bahmni_bahmni-config" with default driver
Creating volume "bahmni_configuration_checksums" with default driver
Creating volume "bahmni_bahmni-lab-results" with default driver
Creating volume "bahmni_bahmni-uploaded-files" with default driver
Creating volume "bahmni_sms-token" with default driver
Creating volume "bahmni_bahmni-queued-reports" with default driver
Creating volume "bahmni_reportsdbdata" with default driver
Creating bahmni-config ... 
Creating bahmni-openmrsdb ... 
Creating bahmni-config    ... done
Creating bahmni-openmrsdb ... done
Waiting for OpenMRS MySQL DB to be ready...
mysqld is alive
OpenMRS DB is ready after 10s
Starting full Bahmni stack...
bahmni-openmrsdb is up-to-date
bahmni-config is up-to-date
Creating bahmni-web ... 
Creating bahmni-apps-frontend ... 
Creating bahmni-reportsdb     ... 
Creating bahmni-proxy         ... 
Creating bahmni-lab           ... 
Creating bahmni-appointments  ... 
Creating bahmni-openmrs       ... 
Creating bahmni-reportsdb     ... done
Creating bahmni-apps-frontend ... done
Creating bahmni-openmrs       ... done
Creating bahmni-patient-documents ... 
Creating bahmni-implementer-interface ... 
Creating bahmni-proxy                 ... done
Creating bahmni-lab                   ... done
Creating bahmni-web                   ... done
Creating bahmni-reports               ... 
Creating bahmni-appointments          ... done
Creating bahmni-patient-documents     ... done
Creating bahmni-implementer-interface ... done
Creating bahmni-reports               ... done
Waiting for OpenMRS to start (this can take 5-10 minutes on first boot)...
  waiting for OpenMRS... 60s (HTTP 302)
  waiting for OpenMRS... 120s (HTTP 302)
  waiting for OpenMRS... 180s (HTTP 302)
  waiting for OpenMRS... 240s (HTTP 302)
  waiting for OpenMRS... 300s (HTTP 302)
  waiting for OpenMRS... 360s (HTTP 302)
  waiting for OpenMRS... 420s (HTTP 302)
  waiting for OpenMRS... 480s (HTTP 302)
  waiting for OpenMRS... 540s (HTTP 302)
