**********************
Windows PowerShell transcript start
Start time: 20260214201922
Username: WIN-ILNJUUJNPIS\Docker
RunAs User: WIN-ILNJUUJNPIS\Docker
Configuration Name: 
Machine: WIN-ILNJUUJNPIS (Microsoft Windows NT 10.0.26200.0)
Host Application: C:\WINDOWS\System32\WindowsPowerShell\v1.0\powershell.exe -ExecutionPolicy Bypass -File C:\workspace\scripts\install_excel.ps1
Process ID: 8604
PSVersion: 5.1.26100.6584
PSEdition: Desktop
PSCompatibleVersions: 1.0, 2.0, 3.0, 4.0, 5.0, 5.1.26100.6584
BuildVersion: 10.0.26100.6584
CLRVersion: 4.0.30319.42000
WSManStackVersion: 3.0
PSRemotingProtocolVersion: 2.3
SerializationVersion: 1.1.0.1
**********************
=== Installing Microsoft Excel ===
Excel is already installed at: C:\Program Files\Microsoft Office\root\Office16\EXCEL.EXE
**********************
Windows PowerShell transcript end
End time: 20260214201923
**********************
