**********************
Windows PowerShell transcript start
Start time: 20260214201810
Username: WIN-ILNJUUJNPIS\Docker
RunAs User: WIN-ILNJUUJNPIS\Docker
Configuration Name: 
Machine: WIN-ILNJUUJNPIS (Microsoft Windows NT 10.0.26200.0)
Host Application: C:\WINDOWS\System32\WindowsPowerShell\v1.0\powershell.exe -ExecutionPolicy Bypass -File C:\workspace\scripts\setup_excel.ps1
Process ID: 8832
PSVersion: 5.1.26100.6584
PSEdition: Desktop
PSCompatibleVersions: 1.0, 2.0, 3.0, 4.0, 5.0, 5.1.26100.6584
BuildVersion: 10.0.26100.6584
CLRVersion: 4.0.30319.42000
WSManStackVersion: 3.0
PSRemotingProtocolVersion: 2.3
SerializationVersion: 1.1.0.1
**********************
=== Setting up Excel environment ===
Data files copied to: C:\Users\Docker\Desktop\ExcelTasks
Registry settings configured.
Disabling OneDrive...
OneDrive uninstalled.
Warming up Excel (first-run cycle)...
SUCCESS: The scheduled task "WarmupExcel" has successfully been created.
SUCCESS: Attempted to run the scheduled task "WarmupExcel".
SUCCESS: The scheduled task "WarmupExcel" was successfully deleted.
Excel warm-up complete.
Available data files in C:\Users\Docker\Desktop\ExcelTasks :
  - sales_report.xlsx
  - stock_market_data.xlsx
  - us_census_population.xlsx
=== Excel environment setup complete ===
**********************
Windows PowerShell transcript end
End time: 20260214201836
**********************
