**********************
Windows PowerShell transcript start
Start time: 20260214201942
Username: WIN-ILNJUUJNPIS\Docker
RunAs User: WIN-ILNJUUJNPIS\Docker
Configuration Name: 
Machine: WIN-ILNJUUJNPIS (Microsoft Windows NT 10.0.26200.0)
Host Application: C:\WINDOWS\System32\WindowsPowerShell\v1.0\powershell.exe -ExecutionPolicy Bypass -File C:\workspace\tasks\create_chart\setup_task.ps1
Process ID: 10036
PSVersion: 5.1.26100.6584
PSEdition: Desktop
PSCompatibleVersions: 1.0, 2.0, 3.0, 4.0, 5.0, 5.1.26100.6584
BuildVersion: 10.0.26100.6584
CLRVersion: 4.0.30319.42000
WSManStackVersion: 3.0
PSRemotingProtocolVersion: 2.3
SerializationVersion: 1.1.0.1
**********************
=== Setting up create_chart task ===
Data file ready at: C:\Users\Docker\Desktop\ExcelTasks\stock_market_data.xlsx
Excel executable: C:\\Program Files\\Microsoft Office\\root\\Office16\\EXCEL.EXE
Launching Excel via scheduled task (interactive desktop)...



Dismissing dialogs via scheduled task...



Dialog dismissal complete.
Excel is running (PID: 7928)
=== create_chart task setup complete ===
**********************
Windows PowerShell transcript end
End time: 20260214202015
**********************
