=== Setting up OpenMaint ===
Creating network "openmaint_default" with the default driver
Creating volume "openmaint_openmaint_db_data" with default driver
Creating volume "openmaint_openmaint_tomcat" with default driver
Pulling openmaint_db (postgis/postgis:17-3.5-alpine)...
17-3.5-alpine: Pulling from postgis/postgis
Digest: sha256:57e27aa2ce05a3b5800253bbfd8777e4ab5c938b8a7727b950c11b546289cff9
Status: Downloaded newer image for postgis/postgis:17-3.5-alpine
Pulling openmaint_app (itmicus/cmdbuild:om-2.4-4.1.0)...
om-2.4-4.1.0: Pulling from itmicus/cmdbuild
Digest: sha256:2891b3a4e974df6ac7eee1274f5401154cbfce6eb57b3b236654466ec1733714
Status: Downloaded newer image for itmicus/cmdbuild:om-2.4-4.1.0
Creating openmaint_db ... 
Creating openmaint_db ... done
Creating openmaint_app ... 
Creating openmaint_app ... done
    Name                   Command                       State                            Ports                  
-----------------------------------------------------------------------------------------------------------------
openmaint_app   /usr/local/bin/docker-entr ...   Up (health: starting)   0.0.0.0:8090->8080/tcp,:::8090->8080/tcp
openmaint_db    docker-entrypoint.sh postgres    Up (healthy)            0.0.0.0:5432->5432/tcp,:::5432->5432/tcp
Container openmaint_db healthy after 0s
Container openmaint_app healthy after 35s
OpenMaint reachable at http://localhost:8090/cmdbuild/ui/ after 10s (HTTP 200)
Configuring Firefox profile...
Launching Firefox with OpenMaint...
=== OpenMaint setup complete ===
OpenMaint URL: http://localhost:8090/cmdbuild/ui/
OpenMaint credentials: admin / admin
