=== Setting up Canvas LMS ===
Starting Canvas LMS fat container via Docker...
Pulling lbjay/canvas-docker image...
Docker image pulled successfully
Starting Canvas LMS container...
28f7e42dfb5db95f0149d91007beace4574486636cbcfade950d59d70fa2fc0a
Waiting for services to start inside container...
Waiting for PostgreSQL to be ready...
PostgreSQL is ready after 0s
Waiting for Redis to be ready...
Redis is ready after 0s
All backend services started successfully
Container status:
CONTAINER ID   IMAGE                        COMMAND                  CREATED          STATUS          PORTS                                                         NAMES
28f7e42dfb5d   lbjay/canvas-docker:latest   "/opt/canvas/start.sh"   33 seconds ago   Up 30 seconds   5432/tcp, 6379/tcp, 0.0.0.0:80->3000/tcp, [::]:80->3000/tcp   canvas-lms
Waiting for Canvas web to initialize (this may take a few minutes)...
Waiting for Canvas web interface to be ready...
Canvas web is ready after 0s (HTTP 200)
Canvas LMS is running!

Creating test users and courses via Canvas Rails console...
Testing database connection...
Found 195 tables in database
Waiting for Canvas to be fully ready for data creation...
Copying test data script to container...
Running test data creation script...
/opt/canvas/.gems/gems/soap4r-ruby1.9-2.0.0/lib/soap/mapping/encodedregistry.rb:150: warning: constant ::Fixnum is deprecated
/opt/canvas/.gems/gems/soap4r-ruby1.9-2.0.0/lib/soap/mapping/encodedregistry.rb:216: warning: constant ::Fixnum is deprecated
Creating students...
  Created student: jsmith
  Created student: mjones
  Created student: awilson
  Created student: bbrown
  Created student: cgarcia
  Created student: dlee
  Created student: epatel
  Created student: fkim
Creating teachers...
  Created teacher: teacher1
  Created teacher: teacher2
Creating courses...
  Created course: BIO101 - Introduction to Biology
  Created course: HIST201 - World History
  Created course: CS110 - Computer Science Fundamentals
  Created course: CHEM101 - Introduction to Chemistry
  Created course: ENG101 - English Composition
Enrolling users in courses...
  Enrolled teacher1 in BIO101
  Enrolled teacher1 in CS110
  Enrolled teacher2 in HIST201
  Enrolled Jane Smith in BIO101
  Enrolled Michael Jones in BIO101
  Enrolled Alice Wilson in BIO101
  Enrolled Bob Brown in HIST201
  Enrolled Carlos Garcia in HIST201
  Enrolled Diana Lee in HIST201
Test data creation complete!
  Users: 11
  Courses: 5
  Enrollments: 0
Running via Spring preloader in process 162

Test data generation complete.

Database status:
  Users: 11
  Courses: 5
  Enrollments: 0
Setting up Firefox profile...
Launching Firefox with Canvas LMS...
Firefox window detected after 1s

=== Canvas LMS Setup Complete ===

Canvas Method: docker
Canvas is running at: http://localhost/

Login Credentials:
  Admin: canvas@example.edu / canvas-docker

API Access Token: canvas-docker

Database access:
  canvas-db-query "SELECT COUNT(*) FROM users;"

Container Status:
canvas-lms   Up About a minute   5432/tcp, 6379/tcp, 0.0.0.0:80->3000/tcp, [::]:80->3000/tcp
