=== Installing Odoo Scheduling Environment Prerequisites ===
Hit:1 http://archive.ubuntu.com/ubuntu jammy InRelease
Get:2 http://archive.ubuntu.com/ubuntu jammy-updates InRelease [128 kB]
Get:3 http://archive.ubuntu.com/ubuntu jammy-backports InRelease [127 kB]
Get:4 http://archive.ubuntu.com/ubuntu jammy/main amd64 DEP-11 Metadata [423 kB]
Get:5 http://archive.ubuntu.com/ubuntu jammy/main DEP-11 48x48 Icons [100.0 kB]
Get:6 http://archive.ubuntu.com/ubuntu jammy/main DEP-11 64x64 Icons [148 kB]
Get:7 http://archive.ubuntu.com/ubuntu jammy/main DEP-11 64x64@2 Icons [15.8 kB]
Get:8 http://archive.ubuntu.com/ubuntu jammy/universe amd64 DEP-11 Metadata [3,559 kB]
Get:9 http://archive.ubuntu.com/ubuntu jammy/universe DEP-11 48x48 Icons [3,447 kB]
Get:10 http://archive.ubuntu.com/ubuntu jammy/universe DEP-11 64x64 Icons [7,609 kB]
Get:11 http://archive.ubuntu.com/ubuntu jammy/universe DEP-11 64x64@2 Icons [69.3 kB]
Get:12 http://archive.ubuntu.com/ubuntu jammy/multiverse amd64 DEP-11 Metadata [42.1 kB]
Get:13 http://archive.ubuntu.com/ubuntu jammy/multiverse DEP-11 48x48 Icons [42.7 kB]
Get:14 http://archive.ubuntu.com/ubuntu jammy/multiverse DEP-11 64x64 Icons [193 kB]
Get:15 http://archive.ubuntu.com/ubuntu jammy/multiverse DEP-11 64x64@2 Icons [214 B]
Get:16 http://archive.ubuntu.com/ubuntu jammy-updates/main amd64 Packages [3,245 kB]
Get:17 http://archive.ubuntu.com/ubuntu jammy-updates/main Translation-en [495 kB]
Get:18 http://archive.ubuntu.com/ubuntu jammy-updates/main amd64 DEP-11 Metadata [112 kB]
Get:19 http://archive.ubuntu.com/ubuntu jammy-updates/main DEP-11 48x48 Icons [37.0 kB]
Get:20 http://archive.ubuntu.com/ubuntu jammy-updates/main DEP-11 64x64 Icons [56.3 kB]
Get:21 http://archive.ubuntu.com/ubuntu jammy-updates/main DEP-11 64x64@2 Icons [29 B]
Get:22 http://archive.ubuntu.com/ubuntu jammy-updates/main amd64 c-n-f Metadata [19.1 kB]
Get:23 http://archive.ubuntu.com/ubuntu jammy-updates/restricted amd64 Packages [5,310 kB]
Get:24 http://archive.ubuntu.com/ubuntu jammy-updates/restricted Translation-en [1,005 kB]
Get:25 http://archive.ubuntu.com/ubuntu jammy-updates/restricted amd64 DEP-11 Metadata [212 B]
Get:26 http://archive.ubuntu.com/ubuntu jammy-updates/restricted DEP-11 48x48 Icons [29 B]
Get:27 http://archive.ubuntu.com/ubuntu jammy-updates/restricted DEP-11 64x64 Icons [29 B]
Get:28 http://archive.ubuntu.com/ubuntu jammy-updates/restricted DEP-11 64x64@2 Icons [29 B]
Get:29 http://archive.ubuntu.com/ubuntu jammy-updates/restricted amd64 c-n-f Metadata [676 B]
Get:30 http://archive.ubuntu.com/ubuntu jammy-updates/universe amd64 Packages [1,256 kB]
Get:31 http://archive.ubuntu.com/ubuntu jammy-updates/universe Translation-en [314 kB]
Get:32 http://archive.ubuntu.com/ubuntu jammy-updates/universe amd64 DEP-11 Metadata [359 kB]
Get:33 http://archive.ubuntu.com/ubuntu jammy-updates/universe DEP-11 48x48 Icons [253 kB]
Get:34 http://archive.ubuntu.com/ubuntu jammy-updates/universe DEP-11 64x64 Icons [408 kB]
Get:35 http://archive.ubuntu.com/ubuntu jammy-updates/universe DEP-11 64x64@2 Icons [29 B]
Get:36 http://archive.ubuntu.com/ubuntu jammy-updates/universe amd64 c-n-f Metadata [30.3 kB]
Get:37 http://archive.ubuntu.com/ubuntu jammy-updates/multiverse amd64 Packages [59.0 kB]
Get:38 http://archive.ubuntu.com/ubuntu jammy-updates/multiverse Translation-en [13.5 kB]
Get:39 http://archive.ubuntu.com/ubuntu jammy-updates/multiverse amd64 DEP-11 Metadata [940 B]
Get:40 http://archive.ubuntu.com/ubuntu jammy-updates/multiverse DEP-11 48x48 Icons [1,867 B]
Get:41 http://archive.ubuntu.com/ubuntu jammy-updates/multiverse DEP-11 64x64 Icons [2,497 B]
Get:42 http://archive.ubuntu.com/ubuntu jammy-updates/multiverse DEP-11 64x64@2 Icons [29 B]
Get:43 http://archive.ubuntu.com/ubuntu jammy-updates/multiverse amd64 c-n-f Metadata [612 B]
Get:44 http://archive.ubuntu.com/ubuntu jammy-backports/main amd64 Packages [69.4 kB]
Get:45 http://archive.ubuntu.com/ubuntu jammy-backports/main amd64 DEP-11 Metadata [7,320 B]
Get:46 http://archive.ubuntu.com/ubuntu jammy-backports/main DEP-11 48x48 Icons [9,536 B]
Get:47 http://archive.ubuntu.com/ubuntu jammy-backports/main DEP-11 64x64 Icons [11.3 kB]
Get:48 http://archive.ubuntu.com/ubuntu jammy-backports/main DEP-11 64x64@2 Icons [29 B]
Get:49 http://archive.ubuntu.com/ubuntu jammy-backports/main amd64 c-n-f Metadata [412 B]
