=== Setting up SEB Server ===
Waiting for X display...
X display is ready
=== Starting SEB Server Docker services ===
time="2026-02-25T23:58:14Z" level=warning msg="/opt/seb-server/docker-compose.yml: the attribute `version` is obsolete, it will be ignored, please remove it to avoid potential confusion"
 Network seb-server-network Creating 
 Network seb-server-network Created 
 Volume seb-server-db Creating 
 Volume seb-server-db Created 
 Container seb-server-mariadb Creating 
 Container seb-server-mariadb Created 
 Container seb-server-mariadb Starting 
 Container seb-server-mariadb Started 
Waiting for MariaDB...
MariaDB is ready after 3s
time="2026-02-25T23:58:18Z" level=warning msg="/opt/seb-server/docker-compose.yml: the attribute `version` is obsolete, it will be ignored, please remove it to avoid potential confusion"
 Container seb-server-mariadb Running 
 Container seb-server Creating 
 Container seb-server Created 
 Container seb-server-mariadb Waiting 
 Container seb-server-mariadb Healthy 
 Container seb-server Starting 
 Container seb-server Started 
Waiting for SEB Server to start (Java app, may take 2-3 minutes)...
SEB Server is ready after 10s (HTTP 200)
=== Verifying SEB Server ===
SEB Server GUI HTTP status: 200
=== Seeding exam data ===
=== Seeding SEB Server data ===
Database ready with 1 institution(s)
Existing data: 1 institutions, 2 users
Default institution ID: 1
=== Data seeding complete ===
Institution ID: 1
Login: super-admin / admin
URL: http://localhost:8080
=== Configuring Firefox ===
=== Firefox warm-up launch ===
=== SEB Server setup complete ===
SEB Server accessible at: http://localhost:8080
Default login: super-admin / admin
