=== Setting up LimeSurvey ===
Starting LimeSurvey Docker containers...
Creating network "limesurvey_default" with the default driver
Creating volume "limesurvey_limesurvey-upload" with default driver
Creating volume "limesurvey_limesurvey-plugins" with default driver
Creating volume "limesurvey_limesurvey-mysql" with default driver
Pulling limesurvey-db (mysql:8.0)...
8.0: Pulling from library/mysql
Digest: sha256:9c7897818a32cb639b0404fadd828c7cbc522da90398107fbae55682aee577c9
Status: Downloaded newer image for mysql:8.0
Pulling limesurvey (martialblog/limesurvey:6-apache)...
6-apache: Pulling from martialblog/limesurvey
Digest: sha256:7f4616c861ea6ac600d0a337dffd62f2b10cd39608d7e4512f79d7c8aee62311
Status: Downloaded newer image for martialblog/limesurvey:6-apache
Creating limesurvey-db ... 
Creating limesurvey-db ... done
Creating limesurvey-app ... 
Creating limesurvey-app ... done
Waiting for MySQL to be ready...
mysqld is alive
MySQL is ready after 0s
Waiting for LimeSurvey to initialize...
  Waiting... 5s (HTTP 000000)
LimeSurvey is ready after 5s (HTTP 200)

Container status:
     Name                   Command                       State                              Ports                    
----------------------------------------------------------------------------------------------------------------------
limesurvey-app   /usr/local/bin/entrypoint. ...   Up (health: starting)   80/tcp, 0.0.0.0:80->8080/tcp,:::80->8080/tcp
limesurvey-db    docker-entrypoint.sh mysqld      Up (healthy)            3306/tcp, 33060/tcp                         
Setting up Firefox profile...
Launching Firefox with LimeSurvey...
update.go:85: cannot change mount namespace according to change mount (/var/lib/snapd/hostfs/usr/local/share/doc /usr/local/share/doc none bind,ro 0 0): cannot write to "/var/lib/snapd/hostfs/usr/local/share/doc" because it would affect the host in "/var/lib/snapd"
update.go:85: cannot change mount namespace according to change mount (/var/lib/snapd/hostfs/usr/share/gimp/2.0/help /usr/share/gimp/2.0/help none bind,ro 0 0): cannot write to "/var/lib/snapd/hostfs/usr/share/gimp/2.0/help" because it would affect the host in "/var/lib/snapd"
update.go:85: cannot change mount namespace according to change mount (/var/lib/snapd/hostfs/usr/share/gtk-doc /usr/share/gtk-doc none bind,ro 0 0): cannot write to "/var/lib/snapd/hostfs/usr/share/gtk-doc" because it would affect the host in "/var/lib/snapd"
update.go:85: cannot change mount namespace according to change mount (/var/lib/snapd/hostfs/usr/share/libreoffice/help /usr/share/libreoffice/help none bind,ro 0 0): cannot write to "/var/lib/snapd/hostfs/usr/share/libreoffice/help" because it would affect the host in "/var/lib/snapd"
update.go:85: cannot change mount namespace according to change mount (/var/lib/snapd/hostfs/usr/share/sphinx_rtd_theme /usr/share/sphinx_rtd_theme none bind,ro 0 0): cannot write to "/var/lib/snapd/hostfs/usr/share/sphinx_rtd_theme" because it would affect the host in "/var/lib/snapd"
update.go:85: cannot change mount namespace according to change mount (/var/lib/snapd/hostfs/usr/share/xubuntu-docs /usr/share/xubuntu-docs none bind,ro 0 0): cannot write to "/var/lib/snapd/hostfs/usr/share/xubuntu-docs" because it would affect the host in "/var/lib/snapd"
Importing existing firefox profiles from /home/ga/.mozilla/firefox
Import done in 0.257 s
[4743, Main Thread] WARNING: GTK+ module /snap/firefox/7477/gnome-platform/usr/lib/gtk-2.0/modules/libcanberra-gtk-module.so cannot be loaded.
GTK+ 2.x symbols detected. Using GTK+ 2.x and GTK+ 3 in the same process is not supported.: 'glib warning', file /build/firefox/parts/firefox/build/toolkit/xre/nsSigHandlers.cpp:201

(firefox_firefox:4743): Gtk-WARNING **: 17:19:13.240: GTK+ module /snap/firefox/7477/gnome-platform/usr/lib/gtk-2.0/modules/libcanberra-gtk-module.so cannot be loaded.
GTK+ 2.x symbols detected. Using GTK+ 2.x and GTK+ 3 in the same process is not supported.
Gtk-Message: 17:19:13.240: Failed to load module "canberra-gtk-module"
[4743, Main Thread] WARNING: GTK+ module /snap/firefox/7477/gnome-platform/usr/lib/gtk-2.0/modules/libcanberra-gtk-module.so cannot be loaded.
GTK+ 2.x symbols detected. Using GTK+ 2.x and GTK+ 3 in the same process is not supported.: 'glib warning', file /build/firefox/parts/firefox/build/toolkit/xre/nsSigHandlers.cpp:201

(firefox_firefox:4743): Gtk-WARNING **: 17:19:13.243: GTK+ module /snap/firefox/7477/gnome-platform/usr/lib/gtk-2.0/modules/libcanberra-gtk-module.so cannot be loaded.
GTK+ 2.x symbols detected. Using GTK+ 2.x and GTK+ 3 in the same process is not supported.
Gtk-Message: 17:19:13.243: Failed to load module "canberra-gtk-module"
[Parent 4743, Main Thread] WARNING: Failed to create DBus proxy for org.a11y.Bus: Failed to execute child process “dbus-launch” (No such file or directory)
: 'glib warning', file /build/firefox/parts/firefox/build/toolkit/xre/nsSigHandlers.cpp:201

** (firefox_firefox:4743): WARNING **: 17:19:19.846: Failed to create DBus proxy for org.a11y.Bus: Failed to execute child process “dbus-launch” (No such file or directory)

Firefox window detected after 6s

=== LimeSurvey Setup Complete ===

LimeSurvey is running at: http://localhost/index.php/admin

Login credentials:
  Username: admin
  Password: Admin123!

Database access (via Docker):
  limesurvey-db-query "SELECT COUNT(*) FROM lime_surveys"

Docker commands:
  docker-compose -f /home/ga/limesurvey/docker-compose.yml logs -f
  docker-compose -f /home/ga/limesurvey/docker-compose.yml ps
