=== Setting up NextGen Connect Integration Engine ===
Starting PostgreSQL container...
01abd8491801c4637dfddb04c00418fa9e1f9c8a4267f465c9f3cd56f4230134
Waiting for PostgreSQL to be ready...
PostgreSQL is ready
Creating database...
Starting NextGen Connect container...
25602c29b2d38a744838df177817f723f13cfd654f057da1e1a431f26133c796
Waiting for NextGen Connect to be ready...
NextGen Connect is ready
Configuring Firefox profile...
Launching Firefox with NextGen Connect web console...
Checking NextGen Connect accessibility...
NextGen Connect is accessible at http://localhost:8080

=== Running Containers ===
CONTAINER ID   IMAGE                             COMMAND                  CREATED          STATUS          PORTS                                                                                                                                   NAMES
25602c29b2d3   nextgenhealthcare/connect:4.5.0   "/entrypoint.sh ./mc…"   25 seconds ago   Up 25 seconds   0.0.0.0:6661->6661/tcp, [::]:6661->6661/tcp, 0.0.0.0:8080->8080/tcp, [::]:8080->8080/tcp, 0.0.0.0:8443->8443/tcp, [::]:8443->8443/tcp   nextgen-connect
01abd8491801   postgres:15                       "docker-entrypoint.s…"   28 seconds ago   Up 27 seconds   0.0.0.0:5432->5432/tcp, [::]:5432->5432/tcp                                                                                             nextgen-postgres

=== NextGen Connect Setup Complete ===
Web Console: http://localhost:8080
Default credentials: admin / admin
HTTPS Console: https://localhost:8443
HL7 Listener Port: 6661 (example)
