The Houdini 20.5.684 environment has been initialized.
=== Setting up Houdini environment ===
The Houdini 20.5.684 environment has been initialized.
Houdini 20.5 found at /opt/hfs20.5
Creating user directories...
Configuring Houdini preferences...
Downloading real 3D data for tasks...
  Stanford Bunny OBJ: 204K
  HDRI: 1.4M
  Utah Teapot OBJ: 208K
Data files in /home/ga/HoudiniProjects/data:
total 1828
drwxr-xr-x 2 ga ga    4096 Mar  4 03:53 .
drwxr-xr-x 4 ga ga    4096 Mar  4 03:53 ..
-rw-r--r-- 1 ga ga  205917 Aug 18  2009 bunny.obj
-rw-r--r-- 1 ga ga  210614 Jul 25  2010 teapot.obj
-rw-r--r-- 1 ga ga 1440400 Mar  1 20:15 venice_sunset_1k.hdr
Starting Houdini license server (hserver)...
hserver already running
hython license check failed — scenes will not be pre-created
Houdini GUI will launch but may show a license dialog
Creating launcher scripts...
Setting file permissions...
Performing warm-up launch to clear first-run dialogs...
The Houdini 20.5.684 environment has been initialized.
The Houdini 20.5.684 environment has been initialized.
Waiting for Houdini window...
WARNING: Houdini window did not appear within 60s
ga          4368  0.0  0.0   7372  3592 pts/0    Ss+  03:54   0:00 bash -c sudo -E bash -lc /workspace/scripts/setup_houdini.sh > /home/ga/env_setup_post_start.log 2>&1
root        4369  0.0  0.0  11824  5892 pts/0    S+   03:54   0:00 sudo -E bash -lc /workspace/scripts/setup_houdini.sh
root        4370  0.0  0.0  11824   964 pts/1    Ss   03:54   0:00 sudo -E bash -lc /workspace/scripts/setup_houdini.sh
root        4371  0.0  0.0   7504  3748 pts/1    S+   03:54   0:00 /bin/bash /workspace/scripts/setup_houdini.sh
ga          4503  1.4  2.6 2083596 433116 ?      Ssl  03:55   0:00 /opt/hfs20.5/bin/houdini-bin -foreground
