=== Setting up assign_work_package task ===
I, [2026-02-22T14:30:02.695883 #606]  INFO -- : Increasing database pool size to 17 to match max threads
Reset assignee to bob.smith
Found work package ID: 44
[6925, Main Thread] WARNING: GTK+ module /snap/firefox/7836/gnome-platform/usr/lib/gtk-2.0/modules/libcanberra-gtk-module.so cannot be loaded.
GTK+ 2.x symbols detected. Using GTK+ 2.x and GTK+ 3 in the same process is not supported.: 'glib warning', file /build/firefox/parts/firefox/build/toolkit/xre/nsSigHandlers.cpp:201

(firefox_firefox:6925): Gtk-WARNING **: 15:04:36.212: GTK+ module /snap/firefox/7836/gnome-platform/usr/lib/gtk-2.0/modules/libcanberra-gtk-module.so cannot be loaded.
GTK+ 2.x symbols detected. Using GTK+ 2.x and GTK+ 3 in the same process is not supported.
Gtk-Message: 15:04:36.212: Failed to load module "canberra-gtk-module"
[6925, Main Thread] WARNING: GTK+ module /snap/firefox/7836/gnome-platform/usr/lib/gtk-2.0/modules/libcanberra-gtk-module.so cannot be loaded.
GTK+ 2.x symbols detected. Using GTK+ 2.x and GTK+ 3 in the same process is not supported.: 'glib warning', file /build/firefox/parts/firefox/build/toolkit/xre/nsSigHandlers.cpp:201

(firefox_firefox:6925): Gtk-WARNING **: 15:04:36.214: GTK+ module /snap/firefox/7836/gnome-platform/usr/lib/gtk-2.0/modules/libcanberra-gtk-module.so cannot be loaded.
GTK+ 2.x symbols detected. Using GTK+ 2.x and GTK+ 3 in the same process is not supported.
Gtk-Message: 15:04:36.214: Failed to load module "canberra-gtk-module"
[Parent 6925, Main Thread] WARNING: Failed to create DBus proxy for org.a11y.Bus: Failed to execute child process “dbus-launch” (No such file or directory)
: 'glib warning', file /build/firefox/parts/firefox/build/toolkit/xre/nsSigHandlers.cpp:201

** (firefox_firefox:6925): WARNING **: 15:04:36.614: Failed to create DBus proxy for org.a11y.Bus: Failed to execute child process “dbus-launch” (No such file or directory)

Firefox window appeared
libEGL warning: DRI2: failed to authenticate
/tmp/task_assign_wp_start.png
=== Task setup complete: assign_work_package ===