=== Setting up Zotero ===
Pre-creating profile directory...
Starting Zotero with configuration...
Zotero launch command executed
Zotero profile directory: /home/ga/.zotero/zotero/d1ckfy3k.default
✓ Configured prefs.js
Waiting for Zotero window...
✓ Zotero window detected
✓ Window maximized
✓ Window activated
Closing Firefox popups...
Initializing library (removing welcome screen)...
Error: near line 1: in prepare, database is locked (5)
✓ Sample item added to dismiss welcome screen
✓ Zotero is running
Taking setup verification screenshot...
✓ Screenshot saved
Final window list:
0x02000003 -1 ga-base @!0,0;BDHF
0x0080002c  0 ga-base My Library - Zotero
=== Zotero setup complete ===
