=== Setting up add_project_member task ===
I, [2026-02-22T14:30:03.340097 #607]  INFO -- : Increasing database pool size to 17 to match max threads
Removed carol.williams from devops-automation
[6935, Main Thread] WARNING: GTK+ module /snap/firefox/7836/gnome-platform/usr/lib/gtk-2.0/modules/libcanberra-gtk-module.so cannot be loaded.
GTK+ 2.x symbols detected. Using GTK+ 2.x and GTK+ 3 in the same process is not supported.: 'glib warning', file /build/firefox/parts/firefox/build/toolkit/xre/nsSigHandlers.cpp:201

(firefox_firefox:6935): Gtk-WARNING **: 14:57:17.301: GTK+ module /snap/firefox/7836/gnome-platform/usr/lib/gtk-2.0/modules/libcanberra-gtk-module.so cannot be loaded.
GTK+ 2.x symbols detected. Using GTK+ 2.x and GTK+ 3 in the same process is not supported.
Gtk-Message: 14:57:17.301: Failed to load module "canberra-gtk-module"
[6935, Main Thread] WARNING: GTK+ module /snap/firefox/7836/gnome-platform/usr/lib/gtk-2.0/modules/libcanberra-gtk-module.so cannot be loaded.
GTK+ 2.x symbols detected. Using GTK+ 2.x and GTK+ 3 in the same process is not supported.: 'glib warning', file /build/firefox/parts/firefox/build/toolkit/xre/nsSigHandlers.cpp:201

(firefox_firefox:6935): Gtk-WARNING **: 14:57:17.303: GTK+ module /snap/firefox/7836/gnome-platform/usr/lib/gtk-2.0/modules/libcanberra-gtk-module.so cannot be loaded.
GTK+ 2.x symbols detected. Using GTK+ 2.x and GTK+ 3 in the same process is not supported.
Gtk-Message: 14:57:17.303: Failed to load module "canberra-gtk-module"
[Parent 6935, Main Thread] WARNING: Failed to create DBus proxy for org.a11y.Bus: Failed to execute child process “dbus-launch” (No such file or directory)
: 'glib warning', file /build/firefox/parts/firefox/build/toolkit/xre/nsSigHandlers.cpp:201

** (firefox_firefox:6935): WARNING **: 14:57:17.682: Failed to create DBus proxy for org.a11y.Bus: Failed to execute child process “dbus-launch” (No such file or directory)

Firefox window appeared
libEGL warning: DRI2: failed to authenticate
/tmp/task_add_project_member_start.png
=== Task setup complete: add_project_member ===