=== Setting up OpenProject via Docker ===
Docker daemon is ready

WARNING! Your credentials are stored unencrypted in '/home/ga/.docker/config.json'.
Configure a credential helper to remove this warning. See
https://docs.docker.com/go/credential-store/

Login Succeeded
Docker Hub auth successful
Setting up Docker Compose configuration...
Pulling OpenProject image...
time="2026-02-22T14:26:42Z" level=warning msg="/home/ga/openproject/docker-compose.yml: the attribute `version` is obsolete, it will be ignored, please remove it to avoid potential confusion"
 openproject Pulling 
 23b7d26ef1d2 Pulling fs layer 
 07d1b5af933d Pulling fs layer 
 1eb98adba0eb Pulling fs layer 
 b617a119f8a2 Pulling fs layer 
 3c0853b9f82e Pulling fs layer 
 806acb7dd7fa Pulling fs layer 
 27cc5f9ef876 Pulling fs layer 
 21e065ed5fb7 Pulling fs layer 
 4f4fb700ef54 Pulling fs layer 
 aac8c36ee67b Pulling fs layer 
 5063b9b056cf Pulling fs layer 
 c8680550bde1 Pulling fs layer 
 5e8eccfb4990 Pulling fs layer 
 e106d0586428 Pulling fs layer 
 5966909cdbf1 Pulling fs layer 
 5d9569c8321d Pulling fs layer 
 1352d65e8921 Pulling fs layer 
 42bdb51d2601 Pulling fs layer 
 9a07172c62cc Pulling fs layer 
 e8d80ec0d3ca Pulling fs layer 
 f0cec1d019b4 Pulling fs layer 
 b617a119f8a2 Waiting 
 3c0853b9f82e Waiting 
 8a03484047ab Pulling fs layer 
 806acb7dd7fa Waiting 
 27cc5f9ef876 Waiting 
 5e8eccfb4990 Waiting 
 e106d0586428 Waiting 
 5966909cdbf1 Waiting 
 5d9569c8321d Waiting 
 1352d65e8921 Waiting 
 21e065ed5fb7 Waiting 
 4f4fb700ef54 Waiting 
 aac8c36ee67b Waiting 
 5063b9b056cf Waiting 
 42bdb51d2601 Waiting 
 9a07172c62cc Waiting 
 c8680550bde1 Waiting 
 e8d80ec0d3ca Waiting 
 8a03484047ab Waiting 
 07d1b5af933d Downloading  252.3kB/24.01MB
 07d1b5af933d Downloading  1.491MB/24.01MB
 07d1b5af933d Downloading  4.941MB/24.01MB
 1eb98adba0eb Downloading  531.8kB/64.4MB
 07d1b5af933d Downloading  8.136MB/24.01MB
 07d1b5af933d Downloading  10.36MB/24.01MB
 07d1b5af933d Downloading  13.55MB/24.01MB
 1eb98adba0eb Downloading  1.073MB/64.4MB
 07d1b5af933d Downloading  15.77MB/24.01MB
 07d1b5af933d Downloading  18.24MB/24.01MB
 23b7d26ef1d2 Downloading  489.6kB/48.49MB
 07d1b5af933d Downloading  20.46MB/24.01MB
 07d1b5af933d Downloading  22.68MB/24.01MB
 07d1b5af933d Verifying Checksum 
 07d1b5af933d Download complete 
 1eb98adba0eb Downloading  1.613MB/64.4MB
 23b7d26ef1d2 Downloading  981.1kB/48.49MB
 23b7d26ef1d2 Downloading  1.469MB/48.49MB
 23b7d26ef1d2 Downloading   1.96MB/48.49MB
 23b7d26ef1d2 Downloading  2.452MB/48.49MB
 b617a119f8a2 Downloading  528.2kB/211.3MB
 1eb98adba0eb Downloading  2.154MB/64.4MB
 23b7d26ef1d2 Downloading  2.952MB/48.49MB
 b617a119f8a2 Downloading  1.069MB/211.3MB
 1eb98adba0eb Downloading  2.687MB/64.4MB
 23b7d26ef1d2 Downloading  3.444MB/48.49MB
 1eb98adba0eb Downloading  4.845MB/64.4MB
 23b7d26ef1d2 Downloading   4.93MB/48.49MB
 1eb98adba0eb Downloading  7.537MB/64.4MB
 b617a119f8a2 Downloading   1.61MB/211.3MB
 1eb98adba0eb Downloading   12.9MB/64.4MB
 23b7d26ef1d2 Downloading  7.395MB/48.49MB
 1eb98adba0eb Downloading   19.9MB/64.4MB
 23b7d26ef1d2 Downloading   9.37MB/48.49MB
 1eb98adba0eb Downloading  27.95MB/64.4MB
 23b7d26ef1d2 Downloading  11.34MB/48.49MB
 1eb98adba0eb Downloading  32.74MB/64.4MB
 b617a119f8a2 Downloading   2.15MB/211.3MB
 23b7d26ef1d2 Downloading  12.81MB/48.49MB
 1eb98adba0eb Downloading  37.01MB/64.4MB
 23b7d26ef1d2 Downloading  14.77MB/48.49MB
 1eb98adba0eb Downloading  43.44MB/64.4MB
 23b7d26ef1d2 Downloading  16.73MB/48.49MB
 1eb98adba0eb Downloading  48.24MB/64.4MB
 23b7d26ef1d2 Downloading  18.21MB/48.49MB
 1eb98adba0eb Downloading  53.59MB/64.4MB
 b617a119f8a2 Downloading  2.691MB/211.3MB
 1eb98adba0eb Downloading  58.41MB/64.4MB
 23b7d26ef1d2 Downloading  19.19MB/48.49MB
 1eb98adba0eb Verifying Checksum 
 1eb98adba0eb Download complete 
 23b7d26ef1d2 Downloading  22.13MB/48.49MB
 23b7d26ef1d2 Downloading  24.59MB/48.49MB
 b617a119f8a2 Downloading  3.232MB/211.3MB
 23b7d26ef1d2 Downloading  28.53MB/48.49MB
 23b7d26ef1d2 Downloading  33.44MB/48.49MB
 23b7d26ef1d2 Downloading  40.36MB/48.49MB
 23b7d26ef1d2 Download complete 
 b617a119f8a2 Downloading  3.772MB/211.3MB
 23b7d26ef1d2 Extracting  491.5kB/48.49MB
 23b7d26ef1d2 Extracting  5.407MB/48.49MB
 806acb7dd7fa Downloading  429.9kB/41.44MB
 23b7d26ef1d2 Extracting  9.339MB/48.49MB
 806acb7dd7fa Downloading  5.511MB/41.44MB
 b617a119f8a2 Downloading  4.313MB/211.3MB
 23b7d26ef1d2 Extracting  13.27MB/48.49MB
 806acb7dd7fa Downloading  11.03MB/41.44MB
 23b7d26ef1d2 Extracting  20.15MB/48.49MB
 806acb7dd7fa Downloading  19.51MB/41.44MB
 b617a119f8a2 Downloading  4.854MB/211.3MB
 3c0853b9f82e Downloading     188B/188B
 3c0853b9f82e Verifying Checksum 
 3c0853b9f82e Download complete 
 806acb7dd7fa Downloading  30.57MB/41.44MB
 23b7d26ef1d2 Extracting  24.08MB/48.49MB
 b617a119f8a2 Downloading  5.394MB/211.3MB
 23b7d26ef1d2 Extracting  27.03MB/48.49MB
 806acb7dd7fa Downloading  38.64MB/41.44MB
 806acb7dd7fa Verifying Checksum 
 806acb7dd7fa Download complete 
 b617a119f8a2 Downloading  6.468MB/211.3MB
 23b7d26ef1d2 Extracting  31.46MB/48.49MB
 27cc5f9ef876 Downloading     144B/144B
 27cc5f9ef876 Verifying Checksum 
 27cc5f9ef876 Download complete 
 21e065ed5fb7 Downloading     720B/3.396kB
 21e065ed5fb7 Downloading  3.396kB/3.396kB
 21e065ed5fb7 Verifying Checksum 
 21e065ed5fb7 Download complete 
 b617a119f8a2 Downloading  9.697MB/211.3MB
 23b7d26ef1d2 Extracting  33.91MB/48.49MB
 4f4fb700ef54 Downloading      32B/32B
 4f4fb700ef54 Verifying Checksum 
 4f4fb700ef54 Download complete 
 b617a119f8a2 Downloading  17.25MB/211.3MB
 23b7d26ef1d2 Extracting  35.88MB/48.49MB
 b617a119f8a2 Downloading   25.3MB/211.3MB
 23b7d26ef1d2 Extracting  38.83MB/48.49MB
 b617a119f8a2 Downloading  33.37MB/211.3MB
 23b7d26ef1d2 Extracting  41.78MB/48.49MB
 b617a119f8a2 Downloading  40.36MB/211.3MB
 23b7d26ef1d2 Extracting  44.73MB/48.49MB
 b617a119f8a2 Downloading  47.88MB/211.3MB
 23b7d26ef1d2 Extracting   46.2MB/48.49MB
 b617a119f8a2 Downloading  55.42MB/211.3MB
 b617a119f8a2 Downloading   63.5MB/211.3MB
 b617a119f8a2 Downloading  72.13MB/211.3MB
 23b7d26ef1d2 Extracting  47.68MB/48.49MB
 b617a119f8a2 Downloading  79.67MB/211.3MB
 23b7d26ef1d2 Extracting  48.49MB/48.49MB
 23b7d26ef1d2 Pull complete 
 b617a119f8a2 Downloading  87.21MB/211.3MB
 07d1b5af933d Extracting  262.1kB/24.01MB
 b617a119f8a2 Downloading  93.65MB/211.3MB
 07d1b5af933d Extracting  6.029MB/24.01MB
 b617a119f8a2 Downloading  101.2MB/211.3MB
 07d1b5af933d Extracting  12.58MB/24.01MB
 b617a119f8a2 Downloading  108.2MB/211.3MB
 07d1b5af933d Extracting  18.35MB/24.01MB
 b617a119f8a2 Downloading  114.1MB/211.3MB
 07d1b5af933d Extracting  21.76MB/24.01MB
 b617a119f8a2 Downloading  122.2MB/211.3MB
 07d1b5af933d Extracting  24.01MB/24.01MB
 07d1b5af933d Pull complete 
 1eb98adba0eb Extracting  557.1kB/64.4MB
 b617a119f8a2 Downloading  134.6MB/211.3MB
 1eb98adba0eb Extracting  5.014MB/64.4MB
 b617a119f8a2 Downloading    148MB/211.3MB
 5063b9b056cf Downloading     700B/1.38kB
 5063b9b056cf Downloading   1.38kB/1.38kB
 5063b9b056cf Verifying Checksum 
 5063b9b056cf Download complete 
 1eb98adba0eb Extracting   11.7MB/64.4MB
 b617a119f8a2 Downloading  155.5MB/211.3MB
 1eb98adba0eb Extracting   19.5MB/64.4MB
 b617a119f8a2 Downloading  168.4MB/211.3MB
 b617a119f8a2 Downloading  178.6MB/211.3MB
 1eb98adba0eb Extracting  23.95MB/64.4MB
 aac8c36ee67b Downloading  9.349kB/907.4kB
 b617a119f8a2 Downloading  191.5MB/211.3MB
 1eb98adba0eb Extracting   27.3MB/64.4MB
 aac8c36ee67b Downloading    266kB/907.4kB
 b617a119f8a2 Downloading  203.3MB/211.3MB
 1eb98adba0eb Extracting  30.08MB/64.4MB
 c8680550bde1 Downloading  535.7kB/255.3MB
 aac8c36ee67b Downloading  741.7kB/907.4kB
 aac8c36ee67b Verifying Checksum 
 aac8c36ee67b Download complete 
 b617a119f8a2 Verifying Checksum 
 b617a119f8a2 Download complete 
 1eb98adba0eb Extracting  33.42MB/64.4MB
 c8680550bde1 Downloading  5.926MB/255.3MB
 e106d0586428 Downloading  304.1kB/29.17MB
 1eb98adba0eb Extracting  34.54MB/64.4MB
 c8680550bde1 Downloading  11.79MB/255.3MB
 e106d0586428 Downloading  5.945MB/29.17MB
 1eb98adba0eb Extracting  37.88MB/64.4MB
 c8680550bde1 Downloading  14.99MB/255.3MB
 e106d0586428 Downloading  12.18MB/29.17MB
 1eb98adba0eb Extracting  42.34MB/64.4MB
 c8680550bde1 Downloading  19.83MB/255.3MB
 e106d0586428 Downloading  19.01MB/29.17MB
 1eb98adba0eb Extracting  44.56MB/64.4MB
 c8680550bde1 Downloading   26.3MB/255.3MB
 e106d0586428 Downloading  26.73MB/29.17MB
 e106d0586428 Verifying Checksum 
 e106d0586428 Download complete 
 c8680550bde1 Downloading  30.61MB/255.3MB
 1eb98adba0eb Extracting  48.46MB/64.4MB
 5966909cdbf1 Downloading  3.414kB/257.7kB
 c8680550bde1 Downloading  34.91MB/255.3MB
 1eb98adba0eb Extracting  49.58MB/64.4MB
 5966909cdbf1 Verifying Checksum 
 5966909cdbf1 Download complete 
 c8680550bde1 Downloading   39.2MB/255.3MB
 1eb98adba0eb Extracting  53.48MB/64.4MB
 5d9569c8321d Downloading  3.402kB/290.7kB
 c8680550bde1 Downloading  43.49MB/255.3MB
 5d9569c8321d Downloading  290.7kB/290.7kB
 5d9569c8321d Verifying Checksum 
 5d9569c8321d Download complete 
 1eb98adba0eb Extracting  58.49MB/64.4MB
 c8680550bde1 Downloading  47.77MB/255.3MB
 1eb98adba0eb Extracting  60.16MB/64.4MB
 1352d65e8921 Downloading     326B/326B
 1352d65e8921 Download complete 
 c8680550bde1 Downloading  52.05MB/255.3MB
 1eb98adba0eb Extracting  61.83MB/64.4MB
 5e8eccfb4990 Downloading     687B/33.53kB
 c8680550bde1 Downloading  56.32MB/255.3MB
 5e8eccfb4990 Downloading  33.53kB/33.53kB
 5e8eccfb4990 Verifying Checksum 
 5e8eccfb4990 Download complete 
 42bdb51d2601 Downloading  535.7kB/77.61MB
 c8680550bde1 Downloading  60.58MB/255.3MB
 1eb98adba0eb Extracting  64.06MB/64.4MB
 1eb98adba0eb Extracting   64.4MB/64.4MB
 42bdb51d2601 Downloading  5.913MB/77.61MB
 c8680550bde1 Downloading  64.34MB/255.3MB
 1eb98adba0eb Pull complete 
 b617a119f8a2 Extracting  557.1kB/211.3MB
 42bdb51d2601 Downloading  12.91MB/77.61MB
 c8680550bde1 Downloading  68.65MB/255.3MB
 b617a119f8a2 Extracting  6.685MB/211.3MB
 42bdb51d2601 Downloading  20.93MB/77.61MB
 c8680550bde1 Downloading  72.95MB/255.3MB
 b617a119f8a2 Extracting  14.48MB/211.3MB
 42bdb51d2601 Downloading  27.35MB/77.61MB
 c8680550bde1 Downloading  76.71MB/255.3MB
 9a07172c62cc Downloading  528.2kB/81.92MB
 42bdb51d2601 Downloading  33.79MB/77.61MB
 c8680550bde1 Downloading  80.48MB/255.3MB
 b617a119f8a2 Extracting  20.61MB/211.3MB
 9a07172c62cc Downloading  2.677MB/81.92MB
 42bdb51d2601 Downloading  38.59MB/77.61MB
 c8680550bde1 Downloading  83.71MB/255.3MB
 9a07172c62cc Downloading  5.351MB/81.92MB
 b617a119f8a2 Extracting  21.73MB/211.3MB
 42bdb51d2601 Downloading  45.01MB/77.61MB
 c8680550bde1 Downloading  88.01MB/255.3MB
 9a07172c62cc Downloading  8.567MB/81.92MB
 42bdb51d2601 Downloading  50.88MB/77.61MB
 b617a119f8a2 Extracting  22.84MB/211.3MB
 9a07172c62cc Downloading   11.8MB/81.92MB
 c8680550bde1 Downloading  92.32MB/255.3MB
 42bdb51d2601 Downloading  57.29MB/77.61MB
 b617a119f8a2 Extracting  23.95MB/211.3MB
 9a07172c62cc Downloading  13.94MB/81.92MB
 c8680550bde1 Downloading  95.55MB/255.3MB
 42bdb51d2601 Downloading  63.72MB/77.61MB
 9a07172c62cc Downloading  17.17MB/81.92MB
 c8680550bde1 Downloading  99.29MB/255.3MB
 b617a119f8a2 Extracting  25.07MB/211.3MB
 42bdb51d2601 Downloading  70.12MB/77.61MB
 9a07172c62cc Downloading   20.4MB/81.92MB
 c8680550bde1 Downloading  103.1MB/255.3MB
 b617a119f8a2 Extracting  26.18MB/211.3MB
 42bdb51d2601 Downloading  77.59MB/77.61MB
 42bdb51d2601 Verifying Checksum 
 42bdb51d2601 Download complete 
 9a07172c62cc Downloading  23.63MB/81.92MB
 c8680550bde1 Downloading  109.5MB/255.3MB
 b617a119f8a2 Extracting   27.3MB/211.3MB
 9a07172c62cc Downloading  26.32MB/81.92MB
 c8680550bde1 Downloading  117.6MB/255.3MB
 b617a119f8a2 Extracting  27.85MB/211.3MB
 9a07172c62cc Downloading  29.54MB/81.92MB
 c8680550bde1 Downloading  125.7MB/255.3MB
 b617a119f8a2 Extracting  30.64MB/211.3MB
 9a07172c62cc Downloading  32.75MB/81.92MB
 c8680550bde1 Downloading  135.3MB/255.3MB
 e8d80ec0d3ca Downloading     732B/29.9kB
 b617a119f8a2 Extracting  38.44MB/211.3MB
 9a07172c62cc Downloading  35.97MB/81.92MB
 c8680550bde1 Downloading  141.8MB/255.3MB
 b617a119f8a2 Extracting  44.01MB/211.3MB
 9a07172c62cc Downloading  38.12MB/81.92MB
 c8680550bde1 Downloading  150.4MB/255.3MB
 b617a119f8a2 Extracting  50.69MB/211.3MB
 e8d80ec0d3ca Downloading   29.9kB/29.9kB
 e8d80ec0d3ca Verifying Checksum 
 e8d80ec0d3ca Download complete 
 9a07172c62cc Downloading  40.26MB/81.92MB
 c8680550bde1 Downloading  159.6MB/255.3MB
 b617a119f8a2 Extracting  55.71MB/211.3MB
 9a07172c62cc Downloading  43.47MB/81.92MB
 c8680550bde1 Downloading    166MB/255.3MB
 b617a119f8a2 Extracting  60.16MB/211.3MB
 f0cec1d019b4 Downloading  8.894kB/768kB
 9a07172c62cc Downloading  46.69MB/81.92MB
 b617a119f8a2 Extracting  66.29MB/211.3MB
 c8680550bde1 Downloading    174MB/255.3MB
 f0cec1d019b4 Downloading  176.7kB/768kB
 9a07172c62cc Downloading  51.55MB/81.92MB
 b617a119f8a2 Extracting  71.86MB/211.3MB
 c8680550bde1 Downloading    180MB/255.3MB
 f0cec1d019b4 Downloading    661kB/768kB
 f0cec1d019b4 Downloading    768kB/768kB
 f0cec1d019b4 Download complete 
 9a07172c62cc Downloading  54.78MB/81.92MB
 c8680550bde1 Downloading  185.9MB/255.3MB
 b617a119f8a2 Extracting   75.2MB/211.3MB
 9a07172c62cc Downloading  62.27MB/81.92MB
 c8680550bde1 Downloading  190.7MB/255.3MB
 b617a119f8a2 Extracting  76.87MB/211.3MB
 9a07172c62cc Downloading  66.56MB/81.92MB
 b617a119f8a2 Extracting  80.77MB/211.3MB
 c8680550bde1 Downloading  196.6MB/255.3MB
 9a07172c62cc Downloading  73.55MB/81.92MB
 b617a119f8a2 Extracting  87.46MB/211.3MB
 c8680550bde1 Downloading    202MB/255.3MB
 9a07172c62cc Downloading     80MB/81.92MB
 9a07172c62cc Verifying Checksum 
 9a07172c62cc Download complete 
 b617a119f8a2 Extracting  94.14MB/211.3MB
 c8680550bde1 Downloading  211.1MB/255.3MB
 b617a119f8a2 Extracting  100.8MB/211.3MB
 c8680550bde1 Downloading  217.6MB/255.3MB
 b617a119f8a2 Extracting  106.4MB/211.3MB
 c8680550bde1 Downloading  226.7MB/255.3MB
 b617a119f8a2 Extracting  109.7MB/211.3MB
 c8680550bde1 Downloading  234.2MB/255.3MB
 8a03484047ab Downloading  535.7kB/100.4MB
 b617a119f8a2 Extracting  118.1MB/211.3MB
 8a03484047ab Downloading  4.289MB/100.4MB
 c8680550bde1 Downloading  242.3MB/255.3MB
 b617a119f8a2 Extracting  124.8MB/211.3MB
 8a03484047ab Downloading  9.666MB/100.4MB
 c8680550bde1 Downloading  250.9MB/255.3MB
 b617a119f8a2 Extracting  133.7MB/211.3MB
 8a03484047ab Downloading  15.07MB/100.4MB
 c8680550bde1 Verifying Checksum 
 c8680550bde1 Download complete 
 b617a119f8a2 Extracting  139.8MB/211.3MB
 8a03484047ab Downloading  20.98MB/100.4MB
 b617a119f8a2 Extracting  146.5MB/211.3MB
 8a03484047ab Downloading  25.83MB/100.4MB
 b617a119f8a2 Extracting  152.1MB/211.3MB
 8a03484047ab Downloading  30.66MB/100.4MB
 b617a119f8a2 Extracting  158.2MB/211.3MB
 8a03484047ab Downloading  35.51MB/100.4MB
 b617a119f8a2 Extracting  163.2MB/211.3MB
 8a03484047ab Downloading  40.38MB/100.4MB
 b617a119f8a2 Extracting  166.6MB/211.3MB
 8a03484047ab Downloading  45.23MB/100.4MB
 b617a119f8a2 Extracting  169.3MB/211.3MB
 8a03484047ab Downloading  50.08MB/100.4MB
 b617a119f8a2 Extracting  173.2MB/211.3MB
 8a03484047ab Downloading  54.95MB/100.4MB
 b617a119f8a2 Extracting  179.9MB/211.3MB
 8a03484047ab Downloading  64.09MB/100.4MB
 b617a119f8a2 Extracting  184.9MB/211.3MB
 8a03484047ab Downloading  74.88MB/100.4MB
 b617a119f8a2 Extracting  189.4MB/211.3MB
 8a03484047ab Downloading  83.49MB/100.4MB
 8a03484047ab Downloading  88.32MB/100.4MB
 b617a119f8a2 Extracting  194.4MB/211.3MB
 8a03484047ab Downloading  95.25MB/100.4MB
 b617a119f8a2 Extracting  196.6MB/211.3MB
 8a03484047ab Verifying Checksum 
 8a03484047ab Download complete 
 b617a119f8a2 Extracting    200MB/211.3MB
 b617a119f8a2 Extracting  203.3MB/211.3MB
 b617a119f8a2 Extracting  207.2MB/211.3MB
 b617a119f8a2 Extracting  208.3MB/211.3MB
 b617a119f8a2 Extracting  209.5MB/211.3MB
 b617a119f8a2 Extracting  210.6MB/211.3MB
 b617a119f8a2 Extracting  211.1MB/211.3MB
 b617a119f8a2 Extracting  211.3MB/211.3MB
 b617a119f8a2 Pull complete 
 3c0853b9f82e Extracting     188B/188B
 3c0853b9f82e Extracting     188B/188B
 3c0853b9f82e Pull complete 
 806acb7dd7fa Extracting    426kB/41.44MB
 806acb7dd7fa Extracting  17.04MB/41.44MB
 806acb7dd7fa Extracting  17.89MB/41.44MB
 806acb7dd7fa Extracting   19.6MB/41.44MB
 806acb7dd7fa Extracting   32.8MB/41.44MB
 806acb7dd7fa Extracting  37.91MB/41.44MB
 806acb7dd7fa Extracting  40.04MB/41.44MB
 806acb7dd7fa Extracting  41.32MB/41.44MB
 806acb7dd7fa Extracting  41.44MB/41.44MB
 806acb7dd7fa Pull complete 
 27cc5f9ef876 Extracting     144B/144B
 27cc5f9ef876 Extracting     144B/144B
 27cc5f9ef876 Pull complete 
 21e065ed5fb7 Extracting  3.396kB/3.396kB
 21e065ed5fb7 Extracting  3.396kB/3.396kB
 21e065ed5fb7 Pull complete 
 4f4fb700ef54 Extracting      32B/32B
 4f4fb700ef54 Extracting      32B/32B
 4f4fb700ef54 Pull complete 
 aac8c36ee67b Extracting  32.77kB/907.4kB
 aac8c36ee67b Extracting  907.4kB/907.4kB
 aac8c36ee67b Extracting  907.4kB/907.4kB
 aac8c36ee67b Pull complete 
 5063b9b056cf Extracting   1.38kB/1.38kB
 5063b9b056cf Extracting   1.38kB/1.38kB
 5063b9b056cf Pull complete 
 c8680550bde1 Extracting  557.1kB/255.3MB
 c8680550bde1 Extracting  4.456MB/255.3MB
 c8680550bde1 Extracting  6.128MB/255.3MB
 c8680550bde1 Extracting  7.799MB/255.3MB
 c8680550bde1 Extracting  8.913MB/255.3MB
 c8680550bde1 Extracting  10.58MB/255.3MB
 c8680550bde1 Extracting  15.04MB/255.3MB
 c8680550bde1 Extracting   19.5MB/255.3MB
 c8680550bde1 Extracting  24.51MB/255.3MB
 c8680550bde1 Extracting  27.85MB/255.3MB
 c8680550bde1 Extracting  31.75MB/255.3MB
 c8680550bde1 Extracting  35.65MB/255.3MB
 c8680550bde1 Extracting  40.11MB/255.3MB
 c8680550bde1 Extracting  44.56MB/255.3MB
 c8680550bde1 Extracting  48.46MB/255.3MB
 c8680550bde1 Extracting  51.25MB/255.3MB
 c8680550bde1 Extracting  56.26MB/255.3MB
 c8680550bde1 Extracting  65.18MB/255.3MB
 c8680550bde1 Extracting  73.53MB/255.3MB
 c8680550bde1 Extracting  81.33MB/255.3MB
 c8680550bde1 Extracting  85.23MB/255.3MB
 c8680550bde1 Extracting  91.36MB/255.3MB
 c8680550bde1 Extracting   98.6MB/255.3MB
 c8680550bde1 Extracting  104.7MB/255.3MB
 c8680550bde1 Extracting  112.5MB/255.3MB
 c8680550bde1 Extracting  117.5MB/255.3MB
 c8680550bde1 Extracting  120.9MB/255.3MB
 c8680550bde1 Extracting  123.7MB/255.3MB
 c8680550bde1 Extracting  129.2MB/255.3MB
 c8680550bde1 Extracting  133.1MB/255.3MB
 c8680550bde1 Extracting    137MB/255.3MB
 c8680550bde1 Extracting    142MB/255.3MB
 c8680550bde1 Extracting  149.3MB/255.3MB
 c8680550bde1 Extracting  157.1MB/255.3MB
 c8680550bde1 Extracting  162.7MB/255.3MB
 c8680550bde1 Extracting  170.5MB/255.3MB
 c8680550bde1 Extracting  177.7MB/255.3MB
 c8680550bde1 Extracting  186.6MB/255.3MB
 c8680550bde1 Extracting  193.9MB/255.3MB
 c8680550bde1 Extracting  195.5MB/255.3MB
 c8680550bde1 Extracting  197.2MB/255.3MB
 c8680550bde1 Extracting  198.9MB/255.3MB
 c8680550bde1 Extracting  200.5MB/255.3MB
 c8680550bde1 Extracting  201.7MB/255.3MB
 c8680550bde1 Extracting  202.8MB/255.3MB
 c8680550bde1 Extracting  203.9MB/255.3MB
 c8680550bde1 Extracting  204.4MB/255.3MB
 c8680550bde1 Extracting  205.6MB/255.3MB
 c8680550bde1 Extracting  206.1MB/255.3MB
 c8680550bde1 Extracting  212.8MB/255.3MB
 c8680550bde1 Extracting    220MB/255.3MB
 c8680550bde1 Extracting    229MB/255.3MB
 c8680550bde1 Extracting  237.9MB/255.3MB
 c8680550bde1 Extracting  242.3MB/255.3MB
 c8680550bde1 Extracting  244.5MB/255.3MB
 c8680550bde1 Extracting  246.2MB/255.3MB
 c8680550bde1 Extracting  247.9MB/255.3MB
 c8680550bde1 Extracting  251.8MB/255.3MB
 c8680550bde1 Extracting  255.3MB/255.3MB
 c8680550bde1 Pull complete 
 5e8eccfb4990 Extracting  32.77kB/33.53kB
 5e8eccfb4990 Extracting  33.53kB/33.53kB
 5e8eccfb4990 Pull complete 
 e106d0586428 Extracting  294.9kB/29.17MB
 e106d0586428 Extracting  884.7kB/29.17MB
 e106d0586428 Extracting  13.57MB/29.17MB
 e106d0586428 Extracting  26.54MB/29.17MB
 e106d0586428 Extracting  26.84MB/29.17MB
 e106d0586428 Extracting  27.72MB/29.17MB
 e106d0586428 Extracting  28.02MB/29.17MB
 e106d0586428 Extracting  28.31MB/29.17MB
 e106d0586428 Extracting  28.61MB/29.17MB
 e106d0586428 Extracting  29.17MB/29.17MB
 e106d0586428 Pull complete 
 5966909cdbf1 Extracting  32.77kB/257.7kB
 5966909cdbf1 Extracting  257.7kB/257.7kB
 5966909cdbf1 Extracting  257.7kB/257.7kB
 5966909cdbf1 Pull complete 
 5d9569c8321d Extracting  32.77kB/290.7kB
 5d9569c8321d Extracting  290.7kB/290.7kB
 5d9569c8321d Extracting  290.7kB/290.7kB
 5d9569c8321d Pull complete 
 1352d65e8921 Extracting     326B/326B
 1352d65e8921 Extracting     326B/326B
 1352d65e8921 Pull complete 
 42bdb51d2601 Extracting  557.1kB/77.61MB
 42bdb51d2601 Extracting  10.58MB/77.61MB
 42bdb51d2601 Extracting  20.61MB/77.61MB
 42bdb51d2601 Extracting  21.73MB/77.61MB
 42bdb51d2601 Extracting  25.62MB/77.61MB
 42bdb51d2601 Extracting  28.41MB/77.61MB
 42bdb51d2601 Extracting  30.08MB/77.61MB
 42bdb51d2601 Extracting  31.75MB/77.61MB
 42bdb51d2601 Extracting  33.42MB/77.61MB
 42bdb51d2601 Extracting  38.44MB/77.61MB
 42bdb51d2601 Extracting  39.55MB/77.61MB
 42bdb51d2601 Extracting  41.22MB/77.61MB
 42bdb51d2601 Extracting  42.34MB/77.61MB
 42bdb51d2601 Extracting  43.45MB/77.61MB
 42bdb51d2601 Extracting  45.12MB/77.61MB
 42bdb51d2601 Extracting  46.24MB/77.61MB
 42bdb51d2601 Extracting  49.02MB/77.61MB
 42bdb51d2601 Extracting  50.69MB/77.61MB
 42bdb51d2601 Extracting  54.59MB/77.61MB
 42bdb51d2601 Extracting  56.82MB/77.61MB
 42bdb51d2601 Extracting  57.38MB/77.61MB
 42bdb51d2601 Extracting  57.93MB/77.61MB
 42bdb51d2601 Extracting  61.28MB/77.61MB
 42bdb51d2601 Extracting  62.95MB/77.61MB
 42bdb51d2601 Extracting  64.62MB/77.61MB
 42bdb51d2601 Extracting  65.73MB/77.61MB
 42bdb51d2601 Extracting   67.4MB/77.61MB
 42bdb51d2601 Extracting  67.96MB/77.61MB
 42bdb51d2601 Extracting  69.07MB/77.61MB
 42bdb51d2601 Extracting  70.19MB/77.61MB
 42bdb51d2601 Extracting   71.3MB/77.61MB
 42bdb51d2601 Extracting  77.61MB/77.61MB
 42bdb51d2601 Pull complete 
 9a07172c62cc Extracting  557.1kB/81.92MB
 9a07172c62cc Extracting   15.6MB/81.92MB
 9a07172c62cc Extracting  16.15MB/81.92MB
 9a07172c62cc Extracting   19.5MB/81.92MB
 9a07172c62cc Extracting  24.51MB/81.92MB
 9a07172c62cc Extracting  25.07MB/81.92MB
 9a07172c62cc Extracting  25.62MB/81.92MB
 9a07172c62cc Extracting   31.2MB/81.92MB
 9a07172c62cc Extracting  35.65MB/81.92MB
 9a07172c62cc Extracting  37.32MB/81.92MB
 9a07172c62cc Extracting  52.92MB/81.92MB
 9a07172c62cc Extracting  61.83MB/81.92MB
 9a07172c62cc Extracting  66.29MB/81.92MB
 9a07172c62cc Extracting  69.63MB/81.92MB
 9a07172c62cc Extracting  74.09MB/81.92MB
 9a07172c62cc Extracting  78.54MB/81.92MB
 9a07172c62cc Extracting  81.92MB/81.92MB
 9a07172c62cc Pull complete 
 e8d80ec0d3ca Extracting   29.9kB/29.9kB
 e8d80ec0d3ca Extracting   29.9kB/29.9kB
 e8d80ec0d3ca Pull complete 
 f0cec1d019b4 Extracting  32.77kB/768kB
 f0cec1d019b4 Extracting    768kB/768kB
 f0cec1d019b4 Extracting    768kB/768kB
 f0cec1d019b4 Pull complete 
 8a03484047ab Extracting  557.1kB/100.4MB
 8a03484047ab Extracting  3.899MB/100.4MB
 8a03484047ab Extracting   9.47MB/100.4MB
 8a03484047ab Extracting  13.37MB/100.4MB
 8a03484047ab Extracting  17.83MB/100.4MB
 8a03484047ab Extracting  25.07MB/100.4MB
 8a03484047ab Extracting  28.41MB/100.4MB
 8a03484047ab Extracting  32.87MB/100.4MB
 8a03484047ab Extracting  37.88MB/100.4MB
 8a03484047ab Extracting  40.67MB/100.4MB
 8a03484047ab Extracting  43.45MB/100.4MB
 8a03484047ab Extracting  52.36MB/100.4MB
 8a03484047ab Extracting  60.16MB/100.4MB
 8a03484047ab Extracting  69.07MB/100.4MB
 8a03484047ab Extracting  73.53MB/100.4MB
 8a03484047ab Extracting  76.87MB/100.4MB
 8a03484047ab Extracting  81.33MB/100.4MB
 8a03484047ab Extracting  83.56MB/100.4MB
 8a03484047ab Extracting   86.9MB/100.4MB
 8a03484047ab Extracting  89.13MB/100.4MB
 8a03484047ab Extracting  91.36MB/100.4MB
 8a03484047ab Extracting   94.7MB/100.4MB
 8a03484047ab Extracting  97.48MB/100.4MB
 8a03484047ab Extracting  99.16MB/100.4MB
 8a03484047ab Extracting  100.4MB/100.4MB
 8a03484047ab Pull complete 
 openproject Pulled 
Starting OpenProject container...
time="2026-02-22T14:27:20Z" level=warning msg="/home/ga/openproject/docker-compose.yml: the attribute `version` is obsolete, it will be ignored, please remove it to avoid potential confusion"
 Network openproject_default  Creating
 Network openproject_default  Created
 Volume "openproject_openproject_pgdata"  Creating
 Volume "openproject_openproject_pgdata"  Created
 Volume "openproject_openproject_assets"  Creating
 Volume "openproject_openproject_assets"  Created
 Container openproject  Creating
 Container openproject  Created
 Container openproject  Starting
 Container openproject  Started
Container status:
time="2026-02-22T14:27:21Z" level=warning msg="/home/ga/openproject/docker-compose.yml: the attribute `version` is obsolete, it will be ignored, please remove it to avoid potential confusion"
NAME          IMAGE                        COMMAND                  SERVICE       CREATED        STATUS                  PORTS
openproject   openproject/openproject:15   "./docker/prod/entry…"   openproject   1 second ago   Up Less than a second   0.0.0.0:8080->80/tcp, [::]:8080->80/tcp
Waiting for HTTP readiness: http://localhost:8080/login
  waiting... 5s (HTTP 000)
  waiting... 10s (HTTP 000)
  waiting... 15s (HTTP 000)
  waiting... 20s (HTTP 000)
  waiting... 25s (HTTP 000)
  waiting... 30s (HTTP 000)
  waiting... 35s (HTTP 000)
  waiting... 40s (HTTP 000)
  waiting... 45s (HTTP 503)
  waiting... 50s (HTTP 503)
  waiting... 55s (HTTP 503)
HTTP ready after 55s (HTTP 200)
=== Seeding OpenProject with realistic data ===
Seeding OpenProject project/work packages (real data snapshot)...
Created user: alice.johnson
Created user: bob.smith
Created user: carol.williams
Using role: Member (id: 3)
I, [2026-02-22T14:28:47.873408 #483]  INFO -- : [ActiveJob] Enqueued Notifications::WorkflowJob (Job ID: fae4069e-a0c2-43b8-b52b-7509e872e819) to GoodJob(default)
Created project: E-Commerce Platform
  Added alice.johnson to E-Commerce Platform
  Added bob.smith to E-Commerce Platform
  Added carol.williams to E-Commerce Platform
  Added admin to E-Commerce Platform
I, [2026-02-22T14:28:48.034973 #483]  INFO -- : [ActiveJob] Enqueued Notifications::WorkflowJob (Job ID: 1f505326-ce73-4c78-a844-f171bd9b67f2) to GoodJob(default)
Created project: Mobile Banking App
  Added alice.johnson to Mobile Banking App
  Added bob.smith to Mobile Banking App
  Added carol.williams to Mobile Banking App
  Added admin to Mobile Banking App
I, [2026-02-22T14:28:48.129293 #483]  INFO -- : [ActiveJob] Enqueued Notifications::WorkflowJob (Job ID: 4466dd71-39b4-4d9a-a6fe-a0f52476cb8a) to GoodJob(default)
Created project: DevOps Automation
  Added alice.johnson to DevOps Automation
  Added bob.smith to DevOps Automation
  Added carol.williams to DevOps Automation
  Added admin to DevOps Automation
  Created version: Sprint 1 - Launch MVP
  Created version: Sprint 2 - Search & Filters
  Created version: Sprint 3 - Checkout Flow
  Created version: Sprint 1 - Auth & Onboarding
  Created version: Sprint 2 - Transactions
  Created version: Sprint 3 - Notifications
  Created version: Sprint 1 - CI Pipeline
  Created version: Sprint 2 - Deploy Automation
  Created version: Sprint 3 - Monitoring
I, [2026-02-22T14:28:48.314889 #483]  INFO -- : [ActiveJob] Enqueued Notifications::WorkflowJob (Job ID: 80e356d2-07bc-4cdf-b1c0-71fb3fabcd1a) to GoodJob(default)
I, [2026-02-22T14:28:48.321165 #483]  INFO -- : [ActiveJob] Enqueued Journals::CompletedJob (Job ID: efeb9769-8120-4fd5-8027-efcb95934e76) to GoodJob(default) at 2026-02-22 14:33:48 UTC
  Created WP (ecommerce-platform): Implement product search with Elasticsearch
I, [2026-02-22T14:28:48.339069 #483]  INFO -- : [ActiveJob] Enqueued Notifications::WorkflowJob (Job ID: b32f4aa7-11ba-4877-b17d-1148a06f8427) to GoodJob(default)
I, [2026-02-22T14:28:48.340939 #483]  INFO -- : [ActiveJob] Enqueued Journals::CompletedJob (Job ID: 5edd441a-bcd2-4830-85e4-52533d8cf1f0) to GoodJob(default) at 2026-02-22 14:33:48 UTC
  Created WP (ecommerce-platform): Fix broken checkout on mobile Safari
I, [2026-02-22T14:28:48.358218 #483]  INFO -- : [ActiveJob] Enqueued Notifications::WorkflowJob (Job ID: 52ffcc8d-e3df-48a6-8a08-5386d1b9a133) to GoodJob(default)
I, [2026-02-22T14:28:48.359949 #483]  INFO -- : [ActiveJob] Enqueued Journals::CompletedJob (Job ID: 9881d86f-d55f-4a46-98f0-72e09ea149d6) to GoodJob(default) at 2026-02-22 14:33:48 UTC
  Created WP (ecommerce-platform): Implement product recommendation engine
I, [2026-02-22T14:28:48.394497 #483]  INFO -- : [ActiveJob] Enqueued Notifications::WorkflowJob (Job ID: de001171-ce8e-4870-ba23-816c9f1f6a52) to GoodJob(default)
I, [2026-02-22T14:28:48.395649 #483]  INFO -- : [ActiveJob] Enqueued Journals::CompletedJob (Job ID: efafcd01-5cd8-47b4-9891-023e4f4d987c) to GoodJob(default) at 2026-02-22 14:33:48 UTC
  Created WP (ecommerce-platform): Optimize database queries for category listing
I, [2026-02-22T14:28:48.411114 #483]  INFO -- : [ActiveJob] Enqueued Notifications::WorkflowJob (Job ID: d5dccde6-13f3-48ff-8f65-5ca5784a57f6) to GoodJob(default)
I, [2026-02-22T14:28:48.412207 #483]  INFO -- : [ActiveJob] Enqueued Journals::CompletedJob (Job ID: c6f5c392-f30f-462b-ba3f-4f0f7b870ce0) to GoodJob(default) at 2026-02-22 14:33:48 UTC
  Created WP (ecommerce-platform): Add wishlist feature
I, [2026-02-22T14:28:48.431416 #483]  INFO -- : [ActiveJob] Enqueued Notifications::WorkflowJob (Job ID: 8fd5b908-cd54-49a1-9c49-5cc69600098e) to GoodJob(default)
I, [2026-02-22T14:28:48.433395 #483]  INFO -- : [ActiveJob] Enqueued Journals::CompletedJob (Job ID: 2192adde-d33a-4fe3-ab33-efa409e17bb6) to GoodJob(default) at 2026-02-22 14:33:48 UTC
  Created WP (mobile-banking-app): Implement biometric login (Face ID / Fingerprint)
I, [2026-02-22T14:28:48.455201 #483]  INFO -- : [ActiveJob] Enqueued Notifications::WorkflowJob (Job ID: 5e2ea3f6-16eb-474a-8bd9-4de7e044d9ae) to GoodJob(default)
I, [2026-02-22T14:28:48.456348 #483]  INFO -- : [ActiveJob] Enqueued Journals::CompletedJob (Job ID: 4beb73ce-be4a-4a60-bef5-f4a3d5750606) to GoodJob(default) at 2026-02-22 14:33:48 UTC
  Created WP (mobile-banking-app): Fix transaction history pagination bug
I, [2026-02-22T14:28:48.468202 #483]  INFO -- : [ActiveJob] Enqueued Notifications::WorkflowJob (Job ID: de7a1e53-170c-4844-a87f-cf1c33051aa6) to GoodJob(default)
I, [2026-02-22T14:28:48.469439 #483]  INFO -- : [ActiveJob] Enqueued Journals::CompletedJob (Job ID: 044270d4-96aa-424b-a148-ebb21b27de4e) to GoodJob(default) at 2026-02-22 14:33:48 UTC
  Created WP (mobile-banking-app): Add push notification for large transactions
I, [2026-02-22T14:28:48.483528 #483]  INFO -- : [ActiveJob] Enqueued Notifications::WorkflowJob (Job ID: 06e06c2f-30ea-4679-a765-190c8b4e74f4) to GoodJob(default)
I, [2026-02-22T14:28:48.484572 #483]  INFO -- : [ActiveJob] Enqueued Journals::CompletedJob (Job ID: 3989d9b9-f682-4380-b679-b36038f51280) to GoodJob(default) at 2026-02-22 14:33:48 UTC
  Created WP (mobile-banking-app): Security audit - JWT token expiration
I, [2026-02-22T14:28:48.506388 #483]  INFO -- : [ActiveJob] Enqueued Notifications::WorkflowJob (Job ID: 774404c1-2936-4597-a40e-c83cc95dcd9c) to GoodJob(default)
I, [2026-02-22T14:28:48.507763 #483]  INFO -- : [ActiveJob] Enqueued Journals::CompletedJob (Job ID: bb363f69-c215-47e9-a39c-84eff633bdf3) to GoodJob(default) at 2026-02-22 14:33:48 UTC
  Created WP (mobile-banking-app): Implement recurring payment scheduler
I, [2026-02-22T14:28:48.522458 #483]  INFO -- : [ActiveJob] Enqueued Notifications::WorkflowJob (Job ID: e9f45a05-a4e7-4505-b95a-e293a96fd804) to GoodJob(default)
I, [2026-02-22T14:28:48.523484 #483]  INFO -- : [ActiveJob] Enqueued Journals::CompletedJob (Job ID: 6c8f0932-6c73-4a29-9f80-a214ca84a0cf) to GoodJob(default) at 2026-02-22 14:33:48 UTC
  Created WP (devops-automation): Set up GitHub Actions CI pipeline for all microservices
I, [2026-02-22T14:28:48.547130 #483]  INFO -- : [ActiveJob] Enqueued Notifications::WorkflowJob (Job ID: 09c6ff2c-eb58-4ce1-aeca-5ea6f112b332) to GoodJob(default)
I, [2026-02-22T14:28:48.551776 #483]  INFO -- : [ActiveJob] Enqueued Journals::CompletedJob (Job ID: af621fe8-11db-47c0-bf98-097aff6d36f7) to GoodJob(default) at 2026-02-22 14:33:48 UTC
  Created WP (devops-automation): Kubernetes cluster autoscaling misconfigured
I, [2026-02-22T14:28:48.564277 #483]  INFO -- : [ActiveJob] Enqueued Notifications::WorkflowJob (Job ID: 247a3f68-d774-4cad-82a7-2fc9796c794c) to GoodJob(default)
I, [2026-02-22T14:28:48.565268 #483]  INFO -- : [ActiveJob] Enqueued Journals::CompletedJob (Job ID: c21e8c77-6c19-4345-a96f-42dbce847f00) to GoodJob(default) at 2026-02-22 14:33:48 UTC
  Created WP (devops-automation): Implement blue-green deployment strategy
I, [2026-02-22T14:28:48.589701 #483]  INFO -- : [ActiveJob] Enqueued Notifications::WorkflowJob (Job ID: 022cddb6-487c-439f-b171-c512d2e18c4e) to GoodJob(default)
I, [2026-02-22T14:28:48.591130 #483]  INFO -- : [ActiveJob] Enqueued Journals::CompletedJob (Job ID: 4165d239-4501-4b66-abfb-d78ebd2a81e1) to GoodJob(default) at 2026-02-22 14:33:48 UTC
  Created WP (devops-automation): Set up Prometheus and Grafana monitoring stack
I, [2026-02-22T14:28:48.605354 #483]  INFO -- : [ActiveJob] Enqueued Notifications::WorkflowJob (Job ID: f7e51874-3da6-4a13-a86c-694ab86ceb18) to GoodJob(default)
I, [2026-02-22T14:28:48.606567 #483]  INFO -- : [ActiveJob] Enqueued Journals::CompletedJob (Job ID: 9514c159-afb1-416a-ba77-b92454e1199c) to GoodJob(default) at 2026-02-22 14:33:48 UTC
  Created WP (devops-automation): Automate SSL certificate renewal with Certbot

SEED_RESULT_JSON_START
{"projects":[{"name":"E-Commerce Platform","id":3,"identifier":"ecommerce-platform"},{"name":"Mobile Banking App","id":4,"identifier":"mobile-banking-app"},{"name":"DevOps Automation","id":5,"identifier":"devops-automation"}],"users":[{"login":"alice.johnson","id":5,"name":"Alice Johnson"},{"login":"bob.smith","id":6,"name":"Bob Smith"},{"login":"carol.williams","id":7,"name":"Carol Williams"}],"work_packages":[{"id":37,"subject":"Implement product search with Elasticsearch","project_identifier":"ecommerce-platform","status":"In progress","assigned_to_login":"alice.johnson"},{"id":38,"subject":"Fix broken checkout on mobile Safari","project_identifier":"ecommerce-platform","status":"New","assigned_to_login":"bob.smith"},{"id":39,"subject":"Implement product recommendation engine","project_identifier":"ecommerce-platform","status":"New","assigned_to_login":"carol.williams"},{"id":40,"subject":"Optimize database queries for category listing","project_identifier":"ecommerce-platform","status":"Closed","assigned_to_login":"alice.johnson"},{"id":41,"subject":"Add wishlist feature","project_identifier":"ecommerce-platform","status":"New","assigned_to_login":"bob.smith"},{"id":42,"subject":"Implement biometric login (Face ID / Fingerprint)","project_identifier":"mobile-banking-app","status":"In progress","assigned_to_login":"carol.williams"},{"id":43,"subject":"Fix transaction history pagination bug","project_identifier":"mobile-banking-app","status":"New","assigned_to_login":"alice.johnson"},{"id":44,"subject":"Add push notification for large transactions","project_identifier":"mobile-banking-app","status":"New","assigned_to_login":"bob.smith"},{"id":45,"subject":"Security audit - JWT token expiration","project_identifier":"mobile-banking-app","status":"In progress","assigned_to_login":"carol.williams"},{"id":46,"subject":"Implement recurring payment scheduler","project_identifier":"mobile-banking-app","status":"New","assigned_to_login":"alice.johnson"},{"id":47,"subject":"Set up GitHub Actions CI pipeline for all microservices","project_identifier":"devops-automation","status":"Closed","assigned_to_login":"bob.smith"},{"id":48,"subject":"Kubernetes cluster autoscaling misconfigured","project_identifier":"devops-automation","status":"In progress","assigned_to_login":"carol.williams"},{"id":49,"subject":"Implement blue-green deployment strategy","project_identifier":"devops-automation","status":"New","assigned_to_login":"alice.johnson"},{"id":50,"subject":"Set up Prometheus and Grafana monitoring stack","project_identifier":"devops-automation","status":"In progress","assigned_to_login":"bob.smith"},{"id":51,"subject":"Automate SSL certificate renewal with Certbot","project_identifier":"devops-automation","status":"New","assigned_to_login":"carol.williams"}]}
SEED_RESULT_JSON_END
Seed result written: /tmp/openproject_seed_result.json
Projects: 3
Users: 3
Work Packages: 15
Creating admin API token...
API token written to /home/ga/openproject_api_token.txt
Setting up Firefox profile...
Firefox profile ready: /home/ga/snap/firefox/common/.mozilla/firefox/openproject.profile
Waiting for Firefox window...
[5551, Main Thread] WARNING: GTK+ module /snap/firefox/7836/gnome-platform/usr/lib/gtk-2.0/modules/libcanberra-gtk-module.so cannot be loaded.
GTK+ 2.x symbols detected. Using GTK+ 2.x and GTK+ 3 in the same process is not supported.: 'glib warning', file /build/firefox/parts/firefox/build/toolkit/xre/nsSigHandlers.cpp:201

(firefox_firefox:5551): Gtk-WARNING **: 14:29:11.426: GTK+ module /snap/firefox/7836/gnome-platform/usr/lib/gtk-2.0/modules/libcanberra-gtk-module.so cannot be loaded.
GTK+ 2.x symbols detected. Using GTK+ 2.x and GTK+ 3 in the same process is not supported.
Gtk-Message: 14:29:11.426: Failed to load module "canberra-gtk-module"
[5551, Main Thread] WARNING: GTK+ module /snap/firefox/7836/gnome-platform/usr/lib/gtk-2.0/modules/libcanberra-gtk-module.so cannot be loaded.
GTK+ 2.x symbols detected. Using GTK+ 2.x and GTK+ 3 in the same process is not supported.: 'glib warning', file /build/firefox/parts/firefox/build/toolkit/xre/nsSigHandlers.cpp:201

(firefox_firefox:5551): Gtk-WARNING **: 14:29:11.428: GTK+ module /snap/firefox/7836/gnome-platform/usr/lib/gtk-2.0/modules/libcanberra-gtk-module.so cannot be loaded.
GTK+ 2.x symbols detected. Using GTK+ 2.x and GTK+ 3 in the same process is not supported.
Gtk-Message: 14:29:11.428: Failed to load module "canberra-gtk-module"
[Parent 5551, Main Thread] WARNING: Failed to create DBus proxy for org.a11y.Bus: Failed to execute child process “dbus-launch” (No such file or directory)
: 'glib warning', file /build/firefox/parts/firefox/build/toolkit/xre/nsSigHandlers.cpp:201

** (firefox_firefox:5551): WARNING **: 14:29:12.392: Failed to create DBus proxy for org.a11y.Bus: Failed to execute child process “dbus-launch” (No such file or directory)

Firefox window appeared after 3s
libEGL warning: DRI2: failed to authenticate
Logging in as admin via Firefox...
Login submitted, waiting for dashboard...

=== OpenProject setup complete ===
OpenProject URL: http://localhost:8080/login
Admin credentials: admin / Admin1234!
Users: alice.johnson, bob.smith, carol.williams (password: User1234!@)
Projects: ecommerce-platform, mobile-banking-app, devops-automation
Seed mapping: /tmp/openproject_seed_result.json
