=== Oracle Database Evidence Collection ===
Host: babel-n5-20
Job: 6488421
Started: Wed Mar  4 11:18:23 EST 2026
Memory limit: 32768MB
Using NFS cache: /compute/babel-u5-28/pranjala/qemu_cache
Tasks to test: hr_data_integrity_audit plsql_hr_analytics query_performance_tuning partitioned_archival_strategy advanced_workforce_analytics
Testing 5 tasks: ['hr_data_integrity_audit', 'plsql_hr_analytics', 'query_performance_tuning', 'partitioned_archival_strategy', 'advanced_workforce_analytics']

=================================================================
TESTING: hr_data_integrity_audit
=================================================================
[gym-anything] Docker not available, using QemuApptainerRunner
  Loading environment (use_cache=True, cache_level=post_start)...
Creating episode directory at 20260304_111826
[gym-anything] No checkpoint found at any level - full setup required
[QemuApptainer] Instance: ga_qemu_156cd017ac93
[QemuApptainer] KVM: enabled
[QemuApptainer] COW overlay created
[QemuApptainer] VNC: 5912, SSH: 2266
[QemuApptainer] VNC password set (port 5912)
[QemuApptainer] Waiting for SSH on port 2266...
[QemuApptainer] SSH available!
[QemuApptainer] Setting up 5 mounts...
[QemuApptainer] Copying /compute/babel-u5-24/pranjala/gym_anything_clean/Gym-Anything_for_cmu_super_clean/benchmarks/environments/oracle_database_env/scripts -> /workspace/scripts
[QemuApptainer] Mount source not found: /compute/babel-u5-24/pranjala/gym_anything_clean/Gym-Anything_for_cmu_super_clean/benchmarks/environments/oracle_database_env/config
[QemuApptainer] Copying /compute/babel-u5-24/pranjala/gym_anything_clean/Gym-Anything_for_cmu_super_clean/benchmarks/environments/oracle_database_env/tasks -> /workspace/tasks
[QemuApptainer] Mount source not found: /compute/babel-u5-24/pranjala/gym_anything_clean/Gym-Anything_for_cmu_super_clean/benchmarks/environments/oracle_database_env/utils
[QemuApptainer] Copying /compute/babel-u5-24/pranjala/gym_anything_clean/Gym-Anything_for_cmu_super_clean/benchmarks/environments/oracle_database_env/data -> /workspace/data
[QemuApptainer] Waiting for desktop to be ready...
[QemuApptainer] Desktop ready after 0.1s
[QemuApptainer] X authentication configured for pyautogui access
[VNC] Connected to QEMU (1920x1080)
[QemuApptainer] VM ready! Resolution: (1920, 1080)
[gym-anything] Running pre_start hook...
[QemuApptainer] SSH key auth failed (code 9), trying paramiko with password...
[gym-anything] Running post_start hook...
[gym-anything] Creating checkpoint at level=post_start (with savevm)...
[QemuApptainer] Creating checkpoint: /compute/babel-u5-28/pranjala/qemu_cache/checkpoint_f3005af35dad599e_post_start.qcow2
[QemuApptainer]   cache_level=post_start, task_id=hr_data_integrity_audit@1, use_savevm=True
[QemuApptainer] Creating savevm snapshot 'ga_checkpoint'...
[QemuApptainer]   (this may take a while for VMs with large memory)
[QemuApptainer]   Waiting for savevm to complete (monitoring disk size)...
[QemuApptainer]   5s: +3008MB
[QemuApptainer]   10s: +2984MB
[QemuApptainer]   15s: +853MB
[QemuApptainer]   20s: +74MB
[QemuApptainer]   25s: +91MB
[QemuApptainer]   30s: +33MB
[QemuApptainer]   savevm complete (disk size stable for 15s)
[QemuApptainer] QEMU monitor output:
[QemuApptainer]   i[K[Din[K[D[Dinf[K[D[D[Dinfo[K[D[D[D[Dinfo [K[D[D[D[D[Dinfo s[K[D[D[D[D[D[Dinfo sn[K[D[D[D[D[D[D[Dinfo sna[K[D[D[D[D[D[D[D[Dinfo snap[K[D[D[D[D[D[D[D[D[Dinfo snaps[K[D[D[D[D[D[D[D[D[D[Dinfo snapsh[K[D[D[D[D[D[D[D[D[D[D[Dinfo snapsho[K[D[D[D[D[D[D[D[D[D[D[D[Dinfo snapshot[K[D[D[D[D[D[D[D[D[D[D[D[D[Dinfo snapshots[K
[QemuApptainer]   There is no snapshot available.
[QemuApptainer]   (qemu) s[K[Dsa[K[D[Dsav[K[D[D[Dsave[K[D[D[D[Dsavev[K[D[D[D[D[Dsavevm[K[D[D[D[D[D[Dsavevm [K[D[D[D[D[D[D[Dsavevm g[K[D[D[D[D[D[D[D[Dsavevm ga[K[D[D[D[D[D[D[D[D[Dsavevm ga_[K[D[D[D[D[D[D[D[D[D[Dsavevm ga_c[K[D[D[D[D[D[D[D[D[D[D[Dsavevm ga_ch[K[D[D[D[D[D[D[D[D[D[D[D[Dsavevm ga_che[K[D[D[D[D[D[D[D[D[D[D[D[D[Dsavevm ga_chec[K[D[D[D[D[D[D[D[D[D[D[D[D[D[Dsavevm ga_check[K[D[D[D[D[D[D[D[D[D[D[D[D[D[D[Dsavevm ga_checkp[K[D[D[D[D[D[D[D[D[D[D[D[D[D[D[D[Dsavevm ga_checkpo[K[D[D[D[D[D[D[D[D[D[D[D[D[D[D[D[D[Dsavevm ga_checkpoi[K[D[D[D[D[D[D[D[D[D[D[D[D[D[D[D[D[D[Dsavevm ga_checkpoin[K[D[D[D[D[D[D[D[D[D[D[D[D[D[D[D[D[D[D[Dsavevm ga_checkpoint[K
[QemuApptainer]   (qemu) i[K[Din[K[D[Dinf[K[D[D[Dinfo[K[D[D[D[Dinfo [K[D[D[D[D[Dinfo s[K[D[D[D[D[D[Dinfo sn[K[D[D[D[D[D[D[Dinfo sna[K[D[D[D[D[D[D[D[Dinfo snap[K[D[D[D[D[D[D[D[D[Dinfo snaps[K[D[D[D[D[D[D[D[D[D[Dinfo snapsh[K[D[D[D[D[D[D[D[D[D[D[Dinfo snapsho[K[D[D[D[D[D[D[D[D[D[D[D[Dinfo snapshot[K[D[D[D[D[D[D[D[D[D[D[D[D[Dinfo snapshots[K
[QemuApptainer]   List of snapshots present on all disks:
[QemuApptainer]   ID      TAG               VM_SIZE                DATE        VM_CLOCK     ICOUNT
[QemuApptainer]   --      ga_checkpoint    6.67 GiB 2026-03-04 16:22:22  0000:03:55.328         --
[QemuApptainer]   (qemu)
[QemuApptainer] savevm appears successful!
[QemuApptainer] Checking for snapshot in original overlay: /compute/babel-u5-28/pranjala/qemu_cache/work/ga_qemu_156cd017ac93_qjp3te7z/disk.qcow2
[QemuApptainer] Original overlay snapshots: Snapshot list:
ID      TAG               VM_SIZE                DATE        VM_CLOCK     ICOUNT
1       ga_checkpoint    6.67 GiB 2026-03-04 16:22:22  0000:03:55.328         --
[QemuApptainer] stderr: INFO:    Using cached SIF image

[QemuApptainer] Copying overlay with savevm snapshot (not converting)...
[QemuApptainer] Checkpoint saved with savevm snapshot: /compute/babel-u5-28/pranjala/qemu_cache/checkpoint_f3005af35dad599e_post_start.qcow2
[QemuApptainer]   Verified: snapshot 'ga_checkpoint' present
[QemuApptainer]   Note: checkpoint references base image via backing chain
[QemuApptainer] Instance: ga_qemu_156cd017ac93
[QemuApptainer] KVM: enabled
[QemuApptainer] Copying checkpoint for savevm mode (preserves internal snapshots)...
[QemuApptainer] base_image: /compute/babel-u5-28/pranjala/qemu_cache/checkpoint_f3005af35dad599e_post_start.qcow2
[QemuApptainer] self._instance_qcow2: /compute/babel-u5-28/pranjala/qemu_cache/work/ga_qemu_156cd017ac93_1bbtb9bd/disk.qcow2
[QemuApptainer] Checkpoint copied (12.96 GB) from checkpoint_f3005af35dad599e_post_start.qcow2
[QemuApptainer] VNC: 6016, SSH: 2388
[QemuApptainer] Starting QEMU with -loadvm ga_checkpoint...
[QemuApptainer] VNC password set (port 6016)
[QemuApptainer] Waiting for VNC...
[QemuApptainer] Waiting for SSH after loadvm...
[QemuApptainer] Waiting for SSH on port 2388...
[QemuApptainer] SSH available!
[QemuApptainer] SSH is ready after loadvm
[QemuApptainer] Setting up 5 mounts...
[QemuApptainer] Copying /compute/babel-u5-24/pranjala/gym_anything_clean/Gym-Anything_for_cmu_super_clean/benchmarks/environments/oracle_database_env/scripts -> /workspace/scripts
[QemuApptainer] Mount source not found: /compute/babel-u5-24/pranjala/gym_anything_clean/Gym-Anything_for_cmu_super_clean/benchmarks/environments/oracle_database_env/config
[QemuApptainer] Copying /compute/babel-u5-24/pranjala/gym_anything_clean/Gym-Anything_for_cmu_super_clean/benchmarks/environments/oracle_database_env/tasks -> /workspace/tasks
[QemuApptainer] Mount source not found: /compute/babel-u5-24/pranjala/gym_anything_clean/Gym-Anything_for_cmu_super_clean/benchmarks/environments/oracle_database_env/utils
[QemuApptainer] Copying /compute/babel-u5-24/pranjala/gym_anything_clean/Gym-Anything_for_cmu_super_clean/benchmarks/environments/oracle_database_env/data -> /workspace/data
[VNC] Connected to QEMU (1920x1080)
[QemuApptainer] VM ready via loadvm! Resolution: (1920, 1080)
Profiling time for env setup: 345.7019021511078s
[gym-anything] Running pre_task hook...
[QemuApptainer] SSH key auth failed (code 126), trying paramiko with password...
Profiling time for task specific hooks: 0.8695430755615234s
[gym-anything] Session: {'container': None, 'instance': 'ga_qemu_156cd017ac93', 'image': None, 'artifacts': 'benchmarks/environments/oracle_database_env/artifacts/episode_20260304_111826_b926419c-6509-4af8-b59d-303d4bb8677e', 'vnc_port': None, 'vnc_url': None, 'resolution': [1920, 1080], 'fps': 10, 'net': True, 'systemd': True}
Env setup took 346.57179069519043 seconds of which env setup took 345.7019021511078 seconds and task specific hooks took 0.8695430755615234 seconds, and remaining time took 0.00034546852111816406 seconds
  Environment ready. SSH=2388, VNC=6016

  [SSH] Connection info...
    SSH: 2388, VNC: 6016
  [ORACLE] Checking container...
    oracle-xe: Up 2 minutes
  [DB] Checking HR schema...
    employees=SP2-0268: linesize option not a valid number, job_history=SP2-0268: linesize option not a valid number
  [FILES] Checking setup files...
[QemuApptainer] SSH key auth failed (code 2), trying paramiko with password...
    ls: cannot access '/tmp/initial_*': No such file or directory
ls: cannot access '/tmp/task_start_timestamp': No such file or directory
  [TASK] Running task-specific checks...
    planted=SP2-0268: linesize option not a valid number
    salary_violations=SP2-0268: linesize option not a valid number, future_dates=SP2-0268: linesize option not a valid number, null_dept=SP2-0268: linesize option not a valid number
  [SCREENSHOT] Copying start screenshot...
[QemuApptainer] SCP copy_from failed, trying SFTP with password...
[QemuApptainer] SFTP: source not found: /tmp/task_start_screenshot.png
    Screenshot error: Source not found: /tmp/task_start_screenshot.png

  [EXPORT] Running export script...
    Tail: ...=== Exporting HR Data Integrity Audit Results ===
Screenshot saved: /tmp/task_end_screenshot.png
Export complete. Results written to /tmp/hr_data_integrity_audit_result.json
[OK] JSON is valid
=== Export Complete ===
    [PASS] Export script completed successfully
    Result JSON: -rw-r--r-- 1 root root 383 Mar  4 16:22 /tmp/hr_data_integrity_audit_result.json
    JSON valid: VALID
    Result JSON saved: benchmarks/environments/oracle_database_env/evidence/hr_data_integrity_audit_result.json
    Keys: ['salary_violations_remaining', 'salary_violations_remaining_ids', 'future_dates_remaining', 'future_dates_remaining_ids', 'null_dept_remaining', 'null_dept_remaining_ids', 'audit_report_exists', 'audit_report_size', 'audit_report_preview', 'any_audit_table_created']
    End screenshot saved: benchmarks/environments/oracle_database_env/evidence/hr_data_integrity_audit_end.png

  [VERIFIER] Running do-nothing test...
    score=85, passed=True
    feedback=All 5 salary violations remediated (+30pts) | All 4 future hire dates corrected (+28pts) | All 3 NULL department issues 
    [WARN] Do-nothing test: score=85 — may be too high for baseline

  Evidence saved: benchmarks/environments/oracle_database_env/evidence/hr_data_integrity_audit_evidence.json
[QemuApptainer] SCP copy_from failed, trying SFTP with password...
[QemuApptainer] SFTP: source not found: /tmp/xvfb.log
[QemuApptainer] SCP copy_from failed, trying SFTP with password...
[QemuApptainer] SFTP: source not found: /tmp/pulseaudio.log
[QemuApptainer] SCP copy_from failed, trying SFTP with password...
[QemuApptainer] SFTP: source not found: /tmp/x11vnc.log
[QemuApptainer] SCP copy_from failed, trying SFTP with password...
[QemuApptainer] SFTP: source not found: /tmp/gnome.log
[QemuApptainer] SCP copy_from failed, trying SFTP with password...
[QemuApptainer] SFTP: source not found: /tmp/terminal.log
[QemuApptainer] SCP copy_from failed, trying SFTP with password...
[QemuApptainer] SFTP: source not found: /tmp/fluxbox.log
[QemuApptainer] SCP copy_from failed, trying SFTP with password...
[QemuApptainer] SFTP: source not found: /tmp/ffmpeg.log
[QemuApptainer] SCP copy_from failed, trying SFTP with password...
[QemuApptainer] SFTP: source not found: /home/ga/task_post_task.log
[QemuApptainer] Stopping ga_qemu_156cd017ac93

  Done: hr_data_integrity_audit (351.55s)

=================================================================
TESTING: plsql_hr_analytics
=================================================================
[gym-anything] Docker not available, using QemuApptainerRunner
  Loading environment (use_cache=True, cache_level=post_start)...
Creating episode directory at 20260304_112421
[QemuApptainer] Checkpoint found: /compute/babel-u5-28/pranjala/qemu_cache/checkpoint_f3005af35dad599e_post_start.qcow2
[QemuApptainer] Starting from checkpoint: /compute/babel-u5-28/pranjala/qemu_cache/checkpoint_f3005af35dad599e_post_start.qcow2
[QemuApptainer]   cache_level=post_start, task_id=plsql_hr_analytics@1, use_savevm=True
[QemuApptainer] Instance: ga_qemu_f217fa79531a
[QemuApptainer] KVM: enabled
[QemuApptainer] Copying checkpoint for savevm mode (preserves internal snapshots)...
[QemuApptainer] base_image: /compute/babel-u5-28/pranjala/qemu_cache/checkpoint_f3005af35dad599e_post_start.qcow2
[QemuApptainer] self._instance_qcow2: /compute/babel-u5-28/pranjala/qemu_cache/work/ga_qemu_f217fa79531a_71z2_v26/disk.qcow2
[QemuApptainer] Checkpoint copied (12.96 GB) from checkpoint_f3005af35dad599e_post_start.qcow2
[QemuApptainer] VNC: 6070, SSH: 2418
[QemuApptainer] Starting QEMU with -loadvm ga_checkpoint...
[QemuApptainer] VNC password set (port 6070)
[QemuApptainer] Waiting for VNC...
[QemuApptainer] Waiting for SSH after loadvm...
[QemuApptainer] Waiting for SSH on port 2418...
[QemuApptainer] SSH available!
[QemuApptainer] SSH is ready after loadvm
[QemuApptainer] Setting up 5 mounts...
[QemuApptainer] Copying /compute/babel-u5-24/pranjala/gym_anything_clean/Gym-Anything_for_cmu_super_clean/benchmarks/environments/oracle_database_env/scripts -> /workspace/scripts
[QemuApptainer] Mount source not found: /compute/babel-u5-24/pranjala/gym_anything_clean/Gym-Anything_for_cmu_super_clean/benchmarks/environments/oracle_database_env/config
[QemuApptainer] Copying /compute/babel-u5-24/pranjala/gym_anything_clean/Gym-Anything_for_cmu_super_clean/benchmarks/environments/oracle_database_env/tasks -> /workspace/tasks
[QemuApptainer] Mount source not found: /compute/babel-u5-24/pranjala/gym_anything_clean/Gym-Anything_for_cmu_super_clean/benchmarks/environments/oracle_database_env/utils
[QemuApptainer] Copying /compute/babel-u5-24/pranjala/gym_anything_clean/Gym-Anything_for_cmu_super_clean/benchmarks/environments/oracle_database_env/data -> /workspace/data
[VNC] Connected to QEMU (1920x1080)
[QemuApptainer] VM ready via loadvm! Resolution: (1920, 1080)
[gym-anything] Loaded from checkpoint (level=post_start) (with savevm) - skipping setup up to this point
Profiling time for env setup: 36.523502588272095s
[gym-anything] Running pre_task hook...
Profiling time for task specific hooks: 1.6631441116333008s
[gym-anything] Session: {'container': None, 'instance': 'ga_qemu_f217fa79531a', 'image': None, 'artifacts': 'benchmarks/environments/oracle_database_env/artifacts/episode_20260304_112421_89973fb2-f9ec-4bc8-b7e8-d9b018916be3', 'vnc_port': None, 'vnc_url': None, 'resolution': [1920, 1080], 'fps': 10, 'net': True, 'systemd': True}
Env setup took 38.18672204017639 seconds of which env setup took 36.523502588272095 seconds and task specific hooks took 1.6631441116333008 seconds, and remaining time took 7.534027099609375e-05 seconds
  Environment ready. SSH=2418, VNC=6070

  [SSH] Connection info...
    SSH: 2418, VNC: 6070
  [ORACLE] Checking container...
    oracle-xe: Up 2 minutes
  [DB] Checking HR schema...
    employees=SP2-0268: linesize option not a valid number, job_history=SP2-0268: linesize option not a valid number
  [FILES] Checking setup files...
    -rw------- 1 root root  4 Mar  4 16:22 /tmp/initial_employee_count_plsql
-rw------- 1 root root 11 Mar  4 16:22 /tmp/task_start_timestamp
  [TASK] Running task-specific checks...
    package_before=SP2-0268: linesize option not a valid number, table_before=SP2-0268: linesize option not a valid number
    job_grades=SP2-0268: linesize option not a valid number
  [SCREENSHOT] Copying start screenshot...
    Saved: benchmarks/environments/oracle_database_env/evidence/plsql_hr_analytics_start.png

  [EXPORT] Running export script...
    Tail: ..."",
  "dept_salary_stats_test": "",
  "reporting_chain_test": "",
  "sample_row": {}
}
[2/4] Verifying result file...
  Result JSON is valid
[3/4] Recording export timestamp...
[4/4] Copying final screenshot...
=== Export Complete ===
  Results saved to: /tmp/plsql_hr_analytics_result.json
    [PASS] Export script completed successfully
    Result JSON: -rw-r--r-- 1 root root 533 Mar  4 16:22 /tmp/plsql_hr_analytics_result.json
    JSON valid: VALID
    Result JSON saved: benchmarks/environments/oracle_database_env/evidence/plsql_hr_analytics_result.json
    Keys: ['package_exists', 'package_status', 'dept_salary_stats_exists', 'build_compensation_matrix_exists', 'reporting_chain_exists', 'compensation_matrix_table_exists', 'compensation_table_row_count', 'compensation_table_columns', 'grade_levels_present', 'compensation_matrix_file_exists']
    End screenshot saved: benchmarks/environments/oracle_database_env/evidence/plsql_hr_analytics_end.png

  [VERIFIER] Running do-nothing test...
    score=0.0, passed=False
    feedback=HR_ANALYTICS package not found. HR_ANALYTICS package: NOT FOUND (0 pts for this criterion)
    [PASS] Do-nothing test: score=0, passed=False ✓

  Evidence saved: benchmarks/environments/oracle_database_env/evidence/plsql_hr_analytics_evidence.json
[QemuApptainer] SCP copy_from failed, trying SFTP with password...
[QemuApptainer] SFTP: source not found: /tmp/xvfb.log
[QemuApptainer] SCP copy_from failed, trying SFTP with password...
[QemuApptainer] SFTP: source not found: /tmp/pulseaudio.log
[QemuApptainer] SCP copy_from failed, trying SFTP with password...
[QemuApptainer] SFTP: source not found: /tmp/x11vnc.log
[QemuApptainer] SCP copy_from failed, trying SFTP with password...
[QemuApptainer] SFTP: source not found: /tmp/gnome.log
[QemuApptainer] SCP copy_from failed, trying SFTP with password...
[QemuApptainer] SFTP: source not found: /tmp/terminal.log
[QemuApptainer] SCP copy_from failed, trying SFTP with password...
[QemuApptainer] SFTP: source not found: /tmp/fluxbox.log
[QemuApptainer] SCP copy_from failed, trying SFTP with password...
[QemuApptainer] SFTP: source not found: /tmp/ffmpeg.log
[QemuApptainer] SCP copy_from failed, trying SFTP with password...
[QemuApptainer] SFTP: source not found: /home/ga/task_post_task.log
[QemuApptainer] Stopping ga_qemu_f217fa79531a

  Done: plsql_hr_analytics (41.84s)

=================================================================
TESTING: query_performance_tuning
=================================================================
[gym-anything] Docker not available, using QemuApptainerRunner
  Loading environment (use_cache=True, cache_level=post_start)...
Creating episode directory at 20260304_112507
[QemuApptainer] Checkpoint found: /compute/babel-u5-28/pranjala/qemu_cache/checkpoint_f3005af35dad599e_post_start.qcow2
[QemuApptainer] Starting from checkpoint: /compute/babel-u5-28/pranjala/qemu_cache/checkpoint_f3005af35dad599e_post_start.qcow2
[QemuApptainer]   cache_level=post_start, task_id=query_performance_tuning@1, use_savevm=True
[QemuApptainer] Instance: ga_qemu_c4f0605b8e21
[QemuApptainer] KVM: enabled
[QemuApptainer] Copying checkpoint for savevm mode (preserves internal snapshots)...
[QemuApptainer] base_image: /compute/babel-u5-28/pranjala/qemu_cache/checkpoint_f3005af35dad599e_post_start.qcow2
[QemuApptainer] self._instance_qcow2: /compute/babel-u5-28/pranjala/qemu_cache/work/ga_qemu_c4f0605b8e21_nz6bie0d/disk.qcow2
[QemuApptainer] Checkpoint copied (12.96 GB) from checkpoint_f3005af35dad599e_post_start.qcow2
[QemuApptainer] VNC: 5956, SSH: 2270
[QemuApptainer] Starting QEMU with -loadvm ga_checkpoint...
[QemuApptainer] VNC password set (port 5956)
[QemuApptainer] Waiting for VNC...
[QemuApptainer] Waiting for SSH after loadvm...
[QemuApptainer] Waiting for SSH on port 2270...
[QemuApptainer] SSH available!
[QemuApptainer] SSH is ready after loadvm
[QemuApptainer] Setting up 5 mounts...
[QemuApptainer] Copying /compute/babel-u5-24/pranjala/gym_anything_clean/Gym-Anything_for_cmu_super_clean/benchmarks/environments/oracle_database_env/scripts -> /workspace/scripts
[QemuApptainer] Mount source not found: /compute/babel-u5-24/pranjala/gym_anything_clean/Gym-Anything_for_cmu_super_clean/benchmarks/environments/oracle_database_env/config
[QemuApptainer] Copying /compute/babel-u5-24/pranjala/gym_anything_clean/Gym-Anything_for_cmu_super_clean/benchmarks/environments/oracle_database_env/tasks -> /workspace/tasks
[QemuApptainer] Mount source not found: /compute/babel-u5-24/pranjala/gym_anything_clean/Gym-Anything_for_cmu_super_clean/benchmarks/environments/oracle_database_env/utils
[QemuApptainer] Copying /compute/babel-u5-24/pranjala/gym_anything_clean/Gym-Anything_for_cmu_super_clean/benchmarks/environments/oracle_database_env/data -> /workspace/data
[VNC] Connected to QEMU (1920x1080)
[QemuApptainer] VM ready via loadvm! Resolution: (1920, 1080)
[gym-anything] Loaded from checkpoint (level=post_start) (with savevm) - skipping setup up to this point
Profiling time for env setup: 32.07758021354675s
[gym-anything] Running pre_task hook...
[QemuApptainer] SSH key auth failed (code 1), trying paramiko with password...
Profiling time for task specific hooks: 1.8525776863098145s
[gym-anything] Session: {'container': None, 'instance': 'ga_qemu_c4f0605b8e21', 'image': None, 'artifacts': 'benchmarks/environments/oracle_database_env/artifacts/episode_20260304_112507_7b31d903-43dc-4e2b-ad20-6113480180b6', 'vnc_port': None, 'vnc_url': None, 'resolution': [1920, 1080], 'fps': 10, 'net': True, 'systemd': True}
Env setup took 33.930227756500244 seconds of which env setup took 32.07758021354675 seconds and task specific hooks took 1.8525776863098145 seconds, and remaining time took 6.985664367675781e-05 seconds
  Environment ready. SSH=2270, VNC=5956

  [SSH] Connection info...
    SSH: 2270, VNC: 5956
  [ORACLE] Checking container...
    oracle-xe: Up 2 minutes
  [DB] Checking HR schema...
    employees=SP2-0268: linesize option not a valid number, job_history=SP2-0268: linesize option not a valid number
  [FILES] Checking setup files...
[QemuApptainer] SSH key auth failed (code 2), trying paramiko with password...
    ls: cannot access '/tmp/initial_*': No such file or directory
ls: cannot access '/tmp/task_start_timestamp': No such file or directory
  [TASK] Running task-specific checks...
    airports=SP2-0268: linesize option not a valid number, routes=SP2-0268: linesize option not a valid number
    slow_queries.sql exists: yes
  [SCREENSHOT] Copying start screenshot...
[QemuApptainer] SCP copy_from failed, trying SFTP with password...
[QemuApptainer] SFTP: source not found: /tmp/task_start_screenshot.png
    Screenshot error: Source not found: /tmp/task_start_screenshot.png

  [EXPORT] Running export script...
    Tail: ...1/3] Reading baseline data...
[2/3] Querying current index and file state...
{
  "new_index_count": 0,
  "optimized_file_exists": false,
  "query_count": 0
}
[3/3] Validating result...
  Result JSON valid
=== Export Complete ===
  Results saved to: /tmp/query_performance_tuning_result.json
    [PASS] Export script completed successfully
    Result JSON: -rw-r--r-- 1 root root 520 Mar  4 16:22 /tmp/query_performance_tuning_result.json
    JSON valid: VALID
    Result JSON saved: benchmarks/environments/oracle_database_env/evidence/query_performance_tuning_result.json
    Keys: ['initial_index_count', 'task_start_timestamp', 'current_indexes', 'new_index_count', 'indexes_on_airports', 'indexes_on_flight_routes', 'optimized_queries_file_exists', 'optimized_queries_file_size', 'optimized_queries_content', 'query_count_in_file']
[QemuApptainer] SCP copy_from failed, trying SFTP with password...
[QemuApptainer] SFTP: source not found: /tmp/task_end_screenshot.png

  [VERIFIER] Running do-nothing test...
    score=0.0, passed=False
    feedback=Data issue: 0 airports, 0 routes (expected 14k+, 67k+) | New indexes created: 0 (+0 pts) | AIRPORTS: no index on relevan
    [PASS] Do-nothing test: score=0, passed=False ✓

  Evidence saved: benchmarks/environments/oracle_database_env/evidence/query_performance_tuning_evidence.json
[QemuApptainer] SCP copy_from failed, trying SFTP with password...
[QemuApptainer] SFTP: source not found: /tmp/xvfb.log
[QemuApptainer] SCP copy_from failed, trying SFTP with password...
[QemuApptainer] SFTP: source not found: /tmp/pulseaudio.log
[QemuApptainer] SCP copy_from failed, trying SFTP with password...
[QemuApptainer] SFTP: source not found: /tmp/x11vnc.log
[QemuApptainer] SCP copy_from failed, trying SFTP with password...
[QemuApptainer] SFTP: source not found: /tmp/gnome.log
[QemuApptainer] SCP copy_from failed, trying SFTP with password...
[QemuApptainer] SFTP: source not found: /tmp/terminal.log
[QemuApptainer] SCP copy_from failed, trying SFTP with password...
[QemuApptainer] SFTP: source not found: /tmp/fluxbox.log
[QemuApptainer] SCP copy_from failed, trying SFTP with password...
[QemuApptainer] SFTP: source not found: /tmp/ffmpeg.log
[QemuApptainer] SCP copy_from failed, trying SFTP with password...
[QemuApptainer] SFTP: source not found: /home/ga/task_post_task.log
[QemuApptainer] Stopping ga_qemu_c4f0605b8e21

  Done: query_performance_tuning (37.99s)

=================================================================
TESTING: partitioned_archival_strategy
=================================================================
[gym-anything] Docker not available, using QemuApptainerRunner
  Loading environment (use_cache=True, cache_level=post_start)...
Creating episode directory at 20260304_112549
[QemuApptainer] Checkpoint found: /compute/babel-u5-28/pranjala/qemu_cache/checkpoint_f3005af35dad599e_post_start.qcow2
[QemuApptainer] Starting from checkpoint: /compute/babel-u5-28/pranjala/qemu_cache/checkpoint_f3005af35dad599e_post_start.qcow2
[QemuApptainer]   cache_level=post_start, task_id=partitioned_archival_strategy@1, use_savevm=True
[QemuApptainer] Instance: ga_qemu_b134c807236c
[QemuApptainer] KVM: enabled
[QemuApptainer] Copying checkpoint for savevm mode (preserves internal snapshots)...
[QemuApptainer] base_image: /compute/babel-u5-28/pranjala/qemu_cache/checkpoint_f3005af35dad599e_post_start.qcow2
[QemuApptainer] self._instance_qcow2: /compute/babel-u5-28/pranjala/qemu_cache/work/ga_qemu_b134c807236c_j9s_jlp5/disk.qcow2
[QemuApptainer] Checkpoint copied (12.96 GB) from checkpoint_f3005af35dad599e_post_start.qcow2
[QemuApptainer] VNC: 6035, SSH: 2268
[QemuApptainer] Starting QEMU with -loadvm ga_checkpoint...
[QemuApptainer] VNC password set (port 6035)
[QemuApptainer] Waiting for VNC...
[QemuApptainer] Waiting for SSH after loadvm...
[QemuApptainer] Waiting for SSH on port 2268...
[QemuApptainer] SSH available!
[QemuApptainer] SSH is ready after loadvm
[QemuApptainer] Setting up 5 mounts...
[QemuApptainer] Copying /compute/babel-u5-24/pranjala/gym_anything_clean/Gym-Anything_for_cmu_super_clean/benchmarks/environments/oracle_database_env/scripts -> /workspace/scripts
[QemuApptainer] Mount source not found: /compute/babel-u5-24/pranjala/gym_anything_clean/Gym-Anything_for_cmu_super_clean/benchmarks/environments/oracle_database_env/config
[QemuApptainer] Copying /compute/babel-u5-24/pranjala/gym_anything_clean/Gym-Anything_for_cmu_super_clean/benchmarks/environments/oracle_database_env/tasks -> /workspace/tasks
[QemuApptainer] Mount source not found: /compute/babel-u5-24/pranjala/gym_anything_clean/Gym-Anything_for_cmu_super_clean/benchmarks/environments/oracle_database_env/utils
[QemuApptainer] Copying /compute/babel-u5-24/pranjala/gym_anything_clean/Gym-Anything_for_cmu_super_clean/benchmarks/environments/oracle_database_env/data -> /workspace/data
[VNC] Connected to QEMU (1920x1080)
[QemuApptainer] VM ready via loadvm! Resolution: (1920, 1080)
[gym-anything] Loaded from checkpoint (level=post_start) (with savevm) - skipping setup up to this point
Profiling time for env setup: 34.99932670593262s
[gym-anything] Running pre_task hook...
[QemuApptainer] SSH key auth failed (code 1), trying paramiko with password...
Profiling time for task specific hooks: 31.602359533309937s
[gym-anything] Session: {'container': None, 'instance': 'ga_qemu_b134c807236c', 'image': None, 'artifacts': 'benchmarks/environments/oracle_database_env/artifacts/episode_20260304_112549_d98038cb-705a-4cee-9655-ee9218c5e17d', 'vnc_port': None, 'vnc_url': None, 'resolution': [1920, 1080], 'fps': 10, 'net': True, 'systemd': True}
Env setup took 66.6019332408905 seconds of which env setup took 34.99932670593262 seconds and task specific hooks took 31.602359533309937 seconds, and remaining time took 0.00024700164794921875 seconds
  Environment ready. SSH=2268, VNC=6035

  [SSH] Connection info...
    SSH: 2268, VNC: 6035
  [ORACLE] Checking container...
    oracle-xe: Up 7 minutes
  [DB] Checking HR schema...
    employees=SP2-0268: linesize option not a valid number, job_history=SP2-0268: linesize option not a valid number
  [FILES] Checking setup files...
[QemuApptainer] SSH key auth failed (code 2), trying paramiko with password...
    ls: cannot access '/tmp/initial_*': No such file or directory
ls: cannot access '/tmp/task_start_timestamp': No such file or directory
  [TASK] Running task-specific checks...
    job_history=SP2-0268: linesize option not a valid number, archive_before=SP2-0268: linesize option not a valid number, mv_before=SP2-0268: linesize option not a valid number
  [SCREENSHOT] Copying start screenshot...
[QemuApptainer] SCP copy_from failed, trying SFTP with password...
[QemuApptainer] SFTP: source not found: /tmp/task_start_screenshot.png
    Screenshot error: Source not found: /tmp/task_start_screenshot.png

  [EXPORT] Running export script...
    Tail: ...sts": false,
  "partitioned": false,
  "partitions": 0,
  "archive_rows": 0,
  "bitmap_indexes": 0,
  "mv_exists": false,
  "file_exists": false
}
[3/3] Validating result JSON...
  Result JSON valid
=== Export Complete ===
  Results saved to: /tmp/partitioned_archival_strategy_result.json
    [PASS] Export script completed successfully
    Result JSON: -rw-r--r-- 1 root root 485 Mar  4 16:26 /tmp/partitioned_archival_strategy_result.json
    JSON valid: VALID
    Result JSON saved: benchmarks/environments/oracle_database_env/evidence/partitioned_archival_strategy_result.json
    Keys: ['job_history_baseline', 'task_start_timestamp', 'archive_table_exists', 'archive_table_partitioned', 'archive_partition_count', 'archive_partitions', 'archive_total_rows', 'bitmap_indexes', 'mv_dept_turnover_exists', 'mv_dept_turnover_status']
[QemuApptainer] SCP copy_from failed, trying SFTP with password...
[QemuApptainer] SFTP: source not found: /tmp/task_end_screenshot.png

  [VERIFIER] Running do-nothing test...
    score=0.0, passed=False
    feedback=EMPLOYEE_HISTORY_ARCHIVE: NOT FOUND — 0 pts for all table checks
    [PASS] Do-nothing test: score=0, passed=False ✓

  Evidence saved: benchmarks/environments/oracle_database_env/evidence/partitioned_archival_strategy_evidence.json
[QemuApptainer] SCP copy_from failed, trying SFTP with password...
[QemuApptainer] SFTP: source not found: /tmp/xvfb.log
[QemuApptainer] SCP copy_from failed, trying SFTP with password...
[QemuApptainer] SFTP: source not found: /tmp/pulseaudio.log
[QemuApptainer] SCP copy_from failed, trying SFTP with password...
[QemuApptainer] SFTP: source not found: /tmp/x11vnc.log
[QemuApptainer] SCP copy_from failed, trying SFTP with password...
[QemuApptainer] SFTP: source not found: /tmp/gnome.log
[QemuApptainer] SCP copy_from failed, trying SFTP with password...
[QemuApptainer] SFTP: source not found: /tmp/terminal.log
[QemuApptainer] SCP copy_from failed, trying SFTP with password...
[QemuApptainer] SFTP: source not found: /tmp/fluxbox.log
[QemuApptainer] SCP copy_from failed, trying SFTP with password...
[QemuApptainer] SFTP: source not found: /tmp/ffmpeg.log
[QemuApptainer] SCP copy_from failed, trying SFTP with password...
[QemuApptainer] SFTP: source not found: /home/ga/task_post_task.log
[QemuApptainer] Stopping ga_qemu_b134c807236c

  Done: partitioned_archival_strategy (70.42s)

=================================================================
TESTING: advanced_workforce_analytics
=================================================================
[gym-anything] Docker not available, using QemuApptainerRunner
  Loading environment (use_cache=True, cache_level=post_start)...
Creating episode directory at 20260304_112704
[QemuApptainer] Checkpoint found: /compute/babel-u5-28/pranjala/qemu_cache/checkpoint_f3005af35dad599e_post_start.qcow2
[QemuApptainer] Starting from checkpoint: /compute/babel-u5-28/pranjala/qemu_cache/checkpoint_f3005af35dad599e_post_start.qcow2
[QemuApptainer]   cache_level=post_start, task_id=advanced_workforce_analytics@1, use_savevm=True
[QemuApptainer] Instance: ga_qemu_7ea9202ad722
[QemuApptainer] KVM: enabled
[QemuApptainer] Copying checkpoint for savevm mode (preserves internal snapshots)...
[QemuApptainer] base_image: /compute/babel-u5-28/pranjala/qemu_cache/checkpoint_f3005af35dad599e_post_start.qcow2
[QemuApptainer] self._instance_qcow2: /compute/babel-u5-28/pranjala/qemu_cache/work/ga_qemu_7ea9202ad722_abv8k5zt/disk.qcow2
[QemuApptainer] Checkpoint copied (12.96 GB) from checkpoint_f3005af35dad599e_post_start.qcow2
[QemuApptainer] VNC: 6013, SSH: 2329
[QemuApptainer] Starting QEMU with -loadvm ga_checkpoint...
[QemuApptainer] VNC password set (port 6013)
[QemuApptainer] Waiting for VNC...
[QemuApptainer] Waiting for SSH after loadvm...
[QemuApptainer] Waiting for SSH on port 2329...
[QemuApptainer] SSH available!
[QemuApptainer] SSH is ready after loadvm
[QemuApptainer] Setting up 5 mounts...
[QemuApptainer] Copying /compute/babel-u5-24/pranjala/gym_anything_clean/Gym-Anything_for_cmu_super_clean/benchmarks/environments/oracle_database_env/scripts -> /workspace/scripts
[QemuApptainer] Mount source not found: /compute/babel-u5-24/pranjala/gym_anything_clean/Gym-Anything_for_cmu_super_clean/benchmarks/environments/oracle_database_env/config
[QemuApptainer] Copying /compute/babel-u5-24/pranjala/gym_anything_clean/Gym-Anything_for_cmu_super_clean/benchmarks/environments/oracle_database_env/tasks -> /workspace/tasks
[QemuApptainer] Mount source not found: /compute/babel-u5-24/pranjala/gym_anything_clean/Gym-Anything_for_cmu_super_clean/benchmarks/environments/oracle_database_env/utils
[QemuApptainer] Copying /compute/babel-u5-24/pranjala/gym_anything_clean/Gym-Anything_for_cmu_super_clean/benchmarks/environments/oracle_database_env/data -> /workspace/data
[VNC] Connected to QEMU (1920x1080)
[QemuApptainer] VM ready via loadvm! Resolution: (1920, 1080)
[gym-anything] Loaded from checkpoint (level=post_start) (with savevm) - skipping setup up to this point
Profiling time for env setup: 35.048072814941406s
[gym-anything] Running pre_task hook...
[QemuApptainer] SSH key auth failed (code 1), trying paramiko with password...
Profiling time for task specific hooks: 33.56118655204773s
[gym-anything] Session: {'container': None, 'instance': 'ga_qemu_7ea9202ad722', 'image': None, 'artifacts': 'benchmarks/environments/oracle_database_env/artifacts/episode_20260304_112704_14f54011-e79b-4026-b069-c8fb84c23596', 'vnc_port': None, 'vnc_url': None, 'resolution': [1920, 1080], 'fps': 10, 'net': True, 'systemd': True}
Env setup took 68.60950922966003 seconds of which env setup took 35.048072814941406 seconds and task specific hooks took 33.56118655204773 seconds, and remaining time took 0.0002498626708984375 seconds
  Environment ready. SSH=2329, VNC=6013

  [SSH] Connection info...
    SSH: 2329, VNC: 6013
  [ORACLE] Checking container...
    oracle-xe: Up 8 minutes
  [DB] Checking HR schema...
    employees=SP2-0268: linesize option not a valid number, job_history=SP2-0268: linesize option not a valid number
  [FILES] Checking setup files...
[QemuApptainer] SSH key auth failed (code 2), trying paramiko with password...
    ls: cannot access '/tmp/initial_*': No such file or directory
ls: cannot access '/tmp/task_start_timestamp': No such file or directory
  [TASK] Running task-specific checks...
[QemuApptainer] SSH key auth failed (code 2), trying paramiko with password...
[QemuApptainer] SSH key auth failed (code 1), trying paramiko with password...
[QemuApptainer] SSH key auth failed (code 2), trying paramiko with password...
    ground_truth=cat: /tmp/workforce_analytics_ground_truth.json: No such file or directory
  [SCREENSHOT] Copying start screenshot...
[QemuApptainer] SCP copy_from failed, trying SFTP with password...
[QemuApptainer] SFTP: source not found: /tmp/task_start_screenshot.png
    Screenshot error: Source not found: /tmp/task_start_screenshot.png

  [EXPORT] Running export script...
    Tail: ...   false,
    false,
    false
  ],
  "extracted": {
    "q1_city": null,
    "q2_manager": null,
    "q3_pct": null,
    "q4_title": null
  }
}
[2/3] Validating result JSON...
  Result JSON valid
=== Export Complete ===
  Results saved to: /tmp/advanced_workforce_analytics_result.json
    [PASS] Export script completed successfully
    Result JSON: -rw-r--r-- 1 root root 548 Mar  4 16:28 /tmp/advanced_workforce_analytics_result.json
    JSON valid: VALID
    Result JSON saved: benchmarks/environments/oracle_database_env/evidence/advanced_workforce_analytics_result.json
    Keys: ['task_start_timestamp', 'report_file_exists', 'report_file_size', 'report_content', 'report_line_count', 'has_q1_label', 'has_q2_label', 'has_q3_label', 'has_q4_label', 'extracted_q1_city']
[QemuApptainer] SCP copy_from failed, trying SFTP with password...
[QemuApptainer] SFTP: source not found: /tmp/task_end_screenshot.png

  [VERIFIER] Running do-nothing test...
    score=0.0, passed=False
    feedback=workforce_analytics_report.txt: NOT found at /home/ga/Desktop/ (0 pts)
    [PASS] Do-nothing test: score=0, passed=False ✓

  Evidence saved: benchmarks/environments/oracle_database_env/evidence/advanced_workforce_analytics_evidence.json
[QemuApptainer] SCP copy_from failed, trying SFTP with password...
[QemuApptainer] SFTP: source not found: /tmp/xvfb.log
[QemuApptainer] SCP copy_from failed, trying SFTP with password...
[QemuApptainer] SFTP: source not found: /tmp/pulseaudio.log
[QemuApptainer] SCP copy_from failed, trying SFTP with password...
[QemuApptainer] SFTP: source not found: /tmp/x11vnc.log
[QemuApptainer] SCP copy_from failed, trying SFTP with password...
[QemuApptainer] SFTP: source not found: /tmp/gnome.log
[QemuApptainer] SCP copy_from failed, trying SFTP with password...
[QemuApptainer] SFTP: source not found: /tmp/terminal.log
[QemuApptainer] SCP copy_from failed, trying SFTP with password...
[QemuApptainer] SFTP: source not found: /tmp/fluxbox.log
[QemuApptainer] SCP copy_from failed, trying SFTP with password...
[QemuApptainer] SFTP: source not found: /tmp/ffmpeg.log
[QemuApptainer] SCP copy_from failed, trying SFTP with password...
[QemuApptainer] SFTP: source not found: /home/ga/task_post_task.log
[QemuApptainer] Stopping ga_qemu_7ea9202ad722

  Done: advanced_workforce_analytics (72.08s)

=================================================================
EVIDENCE COLLECTION SUMMARY
=================================================================
  hr_data_integrity_audit:
    export_ok=True, do_nothing_pass=False, score=85
    feedback=All 5 salary violations remediated (+30pts) | All 4 future hire dates corrected 
  plsql_hr_analytics:
    export_ok=True, do_nothing_pass=True, score=0.0
    feedback=HR_ANALYTICS package not found. HR_ANALYTICS package: NOT FOUND (0 pts for this 
  query_performance_tuning:
    export_ok=True, do_nothing_pass=True, score=0.0
    feedback=Data issue: 0 airports, 0 routes (expected 14k+, 67k+) | New indexes created: 0 
  partitioned_archival_strategy:
    export_ok=True, do_nothing_pass=True, score=0.0
    feedback=EMPLOYEE_HISTORY_ARCHIVE: NOT FOUND — 0 pts for all table checks
  advanced_workforce_analytics:
    export_ok=True, do_nothing_pass=True, score=0.0
    feedback=workforce_analytics_report.txt: NOT found at /home/ga/Desktop/ (0 pts)

Evidence saved to: benchmarks/environments/oracle_database_env/evidence/
=== Evidence Collection Complete ===
Finished: Wed Mar  4 11:28:20 EST 2026
