=== Setting up apply_theme task ===
Killing any existing EdrawMax processes...
Using template: /home/ga/Diagrams/flowchart_en.eddx
Task diagram file: /home/ga/flowchart_task.eddx
Launching EdrawMax with flowchart template...
Waiting for EdrawMax to start (timeout: 90s)...
EdrawMax process found after 0s
QStandardPaths: XDG_RUNTIME_DIR not set, defaulting to '/tmp/runtime-ga'
[2026-02-19 18:13:15.325] [info] [app_init.cpp(InitLogAndConfig):1210] options init
[2026-02-19 18:13:15.325] [info] [app_init.cpp(InitLogAndConfig):1210] options init
[2026-02-19 18:13:15.336] [info] [app_init.cpp(SetAppName):1282] appName: Edraw Max
[2026-02-19 18:13:15.336] [info] [app_init.cpp(SetAppName):1282] appName: Edraw Max
[2026-02-19 18:13:15.338] [info] [edraw_max_helper.cpp(GetEdrawMaxPid):15] langPackingID=0
[2026-02-19 18:13:15.338] [info] [edraw_max_helper.cpp(GetEdrawMaxPid):15] langPackingID=0
[2026-02-19 18:13:15.338] [info] [edraw_max_helper.cpp(GetEdrawMaxPid):356] pid=5371 0
[2026-02-19 18:13:15.338] [info] [edraw_max_helper.cpp(GetEdrawMaxPid):356] pid=5371 0
[2026-02-19 18:13:15.338] [info] [edraw_max_helper.cpp(GetEdrawMaxPid):357] FULLVERSION:  15.0.6.1456
[2026-02-19 18:13:15.338] [info] [edraw_max_helper.cpp(GetEdrawMaxPid):357] FULLVERSION:  15.0.6.1456
[2026-02-19 18:13:15.349] [info] [mainwindow.cpp(initCef):29127] init cef
[2026-02-19 18:13:15.349] [info] [mainwindow.cpp(initCef):29127] init cef
libpng warning: iCCP: known incorrect sRGB profile
libpng warning: iCCP: known incorrect sRGB profile
[2026-02-19 18:13:15.420] [info] [mainwindow.cpp(initCef):29134] init cef success
[2026-02-19 18:13:15.420] [info] [mainwindow.cpp(initCef):29134] init cef success
libva error: vaGetDriverNameByIndex() failed with unknown libva error, driver_name = (null)
[2026-02-19 18:13:15.522] [info] [mainwindow.cpp(createPrintPageGalleryItems):18863] printPage
[2026-02-19 18:13:15.522] [info] [mainwindow.cpp(createPrintPageGalleryItems):18863] printPage
[2026-02-19 18:13:15.981] [info] [mainwindow.cpp(printPageFPJ):6757] pathBaseC:/opt/apps/edrawmax/lib/libBaseCore.so.1.0.0
[2026-02-19 18:13:15.981] [info] [mainwindow.cpp(printPageFPJ):6757] pathBaseC:/opt/apps/edrawmax/lib/libBaseCore.so.1.0.0
QCoreApplication::postEvent: Unexpected null receiver
QCoreApplication::postEvent: Unexpected null receiver
QCoreApplication::postEvent: Unexpected null receiver
QCoreApplication::postEvent: Unexpected null receiver
QCoreApplication::postEvent: Unexpected null receiver
QCoreApplication::postEvent: Unexpected null receiver
QCoreApplication::postEvent: Unexpected null receiver
QCoreApplication::postEvent: Unexpected null receiver
QCoreApplication::postEvent: Unexpected null receiver
QCoreApplication::postEvent: Unexpected null receiver
QCoreApplication::postEvent: Unexpected null receiver
QCoreApplication::postEvent: Unexpected null receiver
QCoreApplication::postEvent: Unexpected null receiver
QCoreApplication::postEvent: Unexpected null receiver
QCoreApplication::postEvent: Unexpected null receiver
[2026-02-19 18:13:16.087] [info] [edlibrary.cpp(loadFromFile):134] libpath: /opt/apps/edrawmax/library/general/container.edt
[2026-02-19 18:13:16.087] [info] [edlibrary.cpp(loadFromFile):134] libpath: /opt/apps/edrawmax/library/general/container.edt
[2026-02-19 18:13:16.088] [info] [edlibrary.cpp(loadFromFile):216] lib icons count: 14
[2026-02-19 18:13:16.088] [info] [edlibrary.cpp(loadFromFile):216] lib icons count: 14
error: line 1: missing or bad word count in the dic file
Hash Manager Error : 4
QLayout: Cannot add a null widget to QVBoxLayout/
QLayout: Cannot add a null widget to QVBoxLayout/
QLayout: Cannot add a null widget to QVBoxLayout/
QLayout: Cannot add a null widget to QVBoxLayout/
QLayout: Cannot add a null widget to QVBoxLayout/
QLayout: Cannot add a null widget to QVBoxLayout/
[2026-02-19 18:13:16.230] [info] [mainwindow.cpp(createToolsRibbon):4524] Read Info: s_locFiveBaseCore:0019672b1af39f27d1a4215af3b2c7d2
[2026-02-19 18:13:16.230] [info] [mainwindow.cpp(createToolsRibbon):4524] Read Info: s_locFiveBaseCore:0019672b1af39f27d1a4215af3b2c7d2
QObject::connect: No such signal FontComboBox::itemHovered(int)
QObject::connect:  (receiver name: 'RibbonMainWindow')
QObject::connect: No such signal FontComboBox::leavePupop()
QObject::connect:  (receiver name: 'RibbonMainWindow')
libpng warning: iCCP: known incorrect sRGB profile
libpng warning: iCCP: known incorrect sRGB profile
libpng warning: iCCP: known incorrect sRGB profile
QObject::connect: No such signal FontComboBox::itemHovered(int)
QObject::connect:  (receiver name: 'RibbonMainWindow')
QObject::connect: No such signal FontComboBox::leavePupop()
QObject::connect:  (receiver name: 'RibbonMainWindow')
libpng warning: iCCP: known incorrect sRGB profile
libpng warning: iCCP: known incorrect sRGB profile
QObject::connect: No such signal FontComboBox::itemHovered(int)
QObject::connect:  (receiver name: 'RibbonMainWindow')
QObject::connect: No such signal FontComboBox::leavePupop()
QObject::connect:  (receiver name: 'RibbonMainWindow')
libpng warning: iCCP: known incorrect sRGB profile
libpng warning: iCCP: known incorrect sRGB profile
libpng warning: iCCP: known incorrect sRGB profile
QObject::connect: No such signal FontComboBox::itemHovered(int)
QObject::connect:  (receiver name: 'RibbonMainWindow')
QObject::connect: No such signal FontComboBox::leavePupop()
QObject::connect:  (receiver name: 'RibbonMainWindow')
libpng warning: iCCP: known incorrect sRGB profile
QCoreApplication::postEvent: Unexpected null receiver
QCoreApplication::postEvent: Unexpected null receiver
QCoreApplication::postEvent: Unexpected null receiver
QCoreApplication::postEvent: Unexpected null receiver
QCoreApplication::postEvent: Unexpected null receiver
QCoreApplication::postEvent: Unexpected null receiver
QCoreApplication::postEvent: Unexpected null receiver
QCoreApplication::postEvent: Unexpected null receiver
QCoreApplication::postEvent: Unexpected null receiver
QCoreApplication::postEvent: Unexpected null receiver
QCoreApplication::postEvent: Unexpected null receiver
QCoreApplication::postEvent: Unexpected null receiver
QCoreApplication::postEvent: Unexpected null receiver
[2026-02-19 18:13:16.857] [info] [mainwindow.cpp(openStartFile):22382] MainWindow::openStartFile
[2026-02-19 18:13:16.857] [info] [mainwindow.cpp(openStartFile):22382] MainWindow::openStartFile
[2026-02-19 18:13:16.924] [info] [saveparse.cpp(loadFromDDX):1571] Load QTemporaryDir information./tmp/EdrawMax-BuSloM
[2026-02-19 18:13:16.924] [info] [saveparse.cpp(loadFromDDX):1571] Load QTemporaryDir information./tmp/EdrawMax-BuSloM
----m_sndAutoSaveElapse =  300
[2026-02-19 18:13:16.942] [info] [edlibrary.cpp(loadWebLibraryFile):1231] edl icons count: 124 /home/ga/Edraw/edrawmax/library/all/Arrow Shapes/10250415.edl
[2026-02-19 18:13:16.942] [info] [edlibrary.cpp(loadWebLibraryFile):1231] edl icons count: 124 /home/ga/Edraw/edrawmax/library/all/Arrow Shapes/10250415.edl
[2026-02-19 18:13:16.966] [info] [edlibrary.cpp(loadWebLibraryFile):1231] edl icons count: 29 /home/ga/Edraw/edrawmax/library/all/Callouts/10250415.edl
[2026-02-19 18:13:16.966] [info] [edlibrary.cpp(loadWebLibraryFile):1231] edl icons count: 29 /home/ga/Edraw/edrawmax/library/all/Callouts/10250415.edl
[2026-02-19 18:13:16.973] [info] [edlibrary.cpp(loadWebLibraryFile):1231] edl icons count: 34 /home/ga/Edraw/edrawmax/library/all/Basic Flowchart Shapes/10250415.edl
[2026-02-19 18:13:16.973] [info] [edlibrary.cpp(loadWebLibraryFile):1231] edl icons count: 34 /home/ga/Edraw/edrawmax/library/all/Basic Flowchart Shapes/10250415.edl
QCoreApplication::postEvent: Unexpected null receiver
QCoreApplication::postEvent: Unexpected null receiver
QCoreApplication::postEvent: Unexpected null receiver
QCoreApplication::postEvent: Unexpected null receiver
QCoreApplication::postEvent: Unexpected null receiver
QCoreApplication::postEvent: Unexpected null receiver
QCoreApplication::postEvent: Unexpected null receiver
QCoreApplication::postEvent: Unexpected null receiver
QCoreApplication::postEvent: Unexpected null receiver
QCoreApplication::postEvent: Unexpected null receiver
QCoreApplication::postEvent: Unexpected null receiver
QCoreApplication::postEvent: Unexpected null receiver
QCoreApplication::postEvent: Unexpected null receiver
[2026-02-19 18:13:17.006] [info] [edlibrary.cpp(loadFromFile):134] libpath: /home/ga/Edraw/edrawmax/library/custom/my-library.edt
[2026-02-19 18:13:17.006] [info] [edlibrary.cpp(loadFromFile):134] libpath: /home/ga/Edraw/edrawmax/library/custom/my-library.edt
[2026-02-19 18:13:17.006] [info] [edlibrary.cpp(loadFromFile):216] lib icons count: 0
[2026-02-19 18:13:17.006] [info] [edlibrary.cpp(loadFromFile):216] lib icons count: 0
OpenExistFile "{\"duration\":\"0.15\",\"file_type\":\"local\",\"open_type\":\"doubleClick\",\"result\":\"success\"}"
[2026-02-19 18:13:17.008] [info] [main.cpp(default_main_handling):384] splash finished.
[2026-02-19 18:13:17.008] [info] [main.cpp(default_main_handling):384] splash finished.
[2026-02-19 18:13:17.008] [info] [main.cpp(default_main_handling):395] main window start show.
[2026-02-19 18:13:17.008] [info] [main.cpp(default_main_handling):395] main window start show.
[2026-02-19 18:13:17.008] [info] [app_init.cpp(PrintOpenFilePath):1136] options init
[2026-02-19 18:13:17.008] [info] [app_init.cpp(PrintOpenFilePath):1136] options init
[2026-02-19 18:13:17.008] [info] [application.cpp(hasProcessAbnormalExit):887] hasProcessAbnormalExit
[2026-02-19 18:13:17.008] [info] [application.cpp(hasProcessAbnormalExit):887] hasProcessAbnormalExit
CanvasDuration "switchPage" "{\"duration\":\"0.01\"}"
[2026-02-19 18:13:17.422] [info] [mainwindow.cpp(initNetworkRequest):29190] applicationProxy: 2
[2026-02-19 18:13:17.422] [info] [mainwindow.cpp(initNetworkRequest):29190] applicationProxy: 2
[2026-02-19 18:13:17.529] [info] [weblibrarymanager.cpp(getAllLibInfoFinished):842] update web library data
[2026-02-19 18:13:17.529] [info] [weblibrarymanager.cpp(getAllLibInfoFinished):842] update web library data
[2026-02-19 18:13:17.630] [info] [cefbrowserbase.cpp(showEvent):1082] CefBrowserBase::showEvent3: 9
[2026-02-19 18:13:17.630] [info] [cefbrowserbase.cpp(showEvent):1082] CefBrowserBase::showEvent3: 9
getPPTPluginConfigFinished:  "{\"status\":\"success\",\"data\":\"{\\\"relax_right\\\":false,\\\"promo_phase\\\":2,\\\"next_phase\\\":2,\\\"next_start\\\":1762956000}\",\"msg\":null}"
[2026-02-19 18:13:17.697] [info] [edcloudmanager.cpp(parseSendUserInfo):7565] parseSendUserInfo---senduserInfo error
[2026-02-19 18:13:17.697] [info] [edcloudmanager.cpp(parseSendUserInfo):7565] parseSendUserInfo---senduserInfo error
Dismissing EdrawMax startup dialogs...
[2026-02-19 18:13:35.287] [info] [cefbrowserbase.cpp(hideEvent):1202] CefBrowserBase::hideEvent: 9
[2026-02-19 18:13:35.287] [info] [cefbrowserbase.cpp(hideEvent):1202] CefBrowserBase::hideEvent: 9
File Recovery dialog detected - dismissing...
Dialog dismissal complete.
Start state screenshot saved to /tmp/apply_theme_start.png
=== apply_theme task setup complete ===
EdrawMax is open with /home/ga/flowchart_task.eddx (flowchart). Agent should apply the 'Business' theme via Design menu and save as /home/ga/themed_flowchart.eddx
