=== Setting up add_page_to_diagram task ===
Killing any existing EdrawMax processes...
Using template: /home/ga/Diagrams/flowchart_en.eddx
Task diagram file: /home/ga/multipage_diagram.eddx
Launching EdrawMax with diagram file...
Waiting for EdrawMax to start (timeout: 90s)...
EdrawMax process found after 0s
QStandardPaths: XDG_RUNTIME_DIR not set, defaulting to '/tmp/runtime-ga'
[2026-02-19 18:08:16.037] [info] [app_init.cpp(InitLogAndConfig):1210] options init
[2026-02-19 18:08:16.037] [info] [app_init.cpp(InitLogAndConfig):1210] options init
[2026-02-19 18:08:16.051] [info] [app_init.cpp(SetAppName):1282] appName: Edraw Max
[2026-02-19 18:08:16.051] [info] [app_init.cpp(SetAppName):1282] appName: Edraw Max
[2026-02-19 18:08:16.054] [info] [edraw_max_helper.cpp(GetEdrawMaxPid):15] langPackingID=0
[2026-02-19 18:08:16.054] [info] [edraw_max_helper.cpp(GetEdrawMaxPid):15] langPackingID=0
[2026-02-19 18:08:16.054] [info] [edraw_max_helper.cpp(GetEdrawMaxPid):356] pid=5371 0
[2026-02-19 18:08:16.054] [info] [edraw_max_helper.cpp(GetEdrawMaxPid):356] pid=5371 0
[2026-02-19 18:08:16.054] [info] [edraw_max_helper.cpp(GetEdrawMaxPid):357] FULLVERSION:  15.0.6.1456
[2026-02-19 18:08:16.054] [info] [edraw_max_helper.cpp(GetEdrawMaxPid):357] FULLVERSION:  15.0.6.1456
[2026-02-19 18:08:16.070] [info] [mainwindow.cpp(initCef):29127] init cef
[2026-02-19 18:08:16.070] [info] [mainwindow.cpp(initCef):29127] init cef
libpng warning: iCCP: known incorrect sRGB profile
libpng warning: iCCP: known incorrect sRGB profile
[2026-02-19 18:08:16.156] [info] [mainwindow.cpp(initCef):29134] init cef success
[2026-02-19 18:08:16.156] [info] [mainwindow.cpp(initCef):29134] init cef success
libva error: vaGetDriverNameByIndex() failed with unknown libva error, driver_name = (null)
[2026-02-19 18:08:16.295] [info] [mainwindow.cpp(createPrintPageGalleryItems):18863] printPage
[2026-02-19 18:08:16.295] [info] [mainwindow.cpp(createPrintPageGalleryItems):18863] printPage
[2026-02-19 18:08:16.854] [info] [mainwindow.cpp(printPageFPJ):6757] pathBaseC:/opt/apps/edrawmax/lib/libBaseCore.so.1.0.0
[2026-02-19 18:08:16.854] [info] [mainwindow.cpp(printPageFPJ):6757] pathBaseC:/opt/apps/edrawmax/lib/libBaseCore.so.1.0.0
QCoreApplication::postEvent: Unexpected null receiver
QCoreApplication::postEvent: Unexpected null receiver
QCoreApplication::postEvent: Unexpected null receiver
QCoreApplication::postEvent: Unexpected null receiver
QCoreApplication::postEvent: Unexpected null receiver
QCoreApplication::postEvent: Unexpected null receiver
QCoreApplication::postEvent: Unexpected null receiver
QCoreApplication::postEvent: Unexpected null receiver
QCoreApplication::postEvent: Unexpected null receiver
QCoreApplication::postEvent: Unexpected null receiver
QCoreApplication::postEvent: Unexpected null receiver
QCoreApplication::postEvent: Unexpected null receiver
QCoreApplication::postEvent: Unexpected null receiver
QCoreApplication::postEvent: Unexpected null receiver
QCoreApplication::postEvent: Unexpected null receiver
[2026-02-19 18:08:16.955] [info] [edlibrary.cpp(loadFromFile):134] libpath: /opt/apps/edrawmax/library/general/container.edt
[2026-02-19 18:08:16.955] [info] [edlibrary.cpp(loadFromFile):134] libpath: /opt/apps/edrawmax/library/general/container.edt
[2026-02-19 18:08:16.955] [info] [edlibrary.cpp(loadFromFile):216] lib icons count: 14
[2026-02-19 18:08:16.955] [info] [edlibrary.cpp(loadFromFile):216] lib icons count: 14
error: line 1: missing or bad word count in the dic file
Hash Manager Error : 4
QLayout: Cannot add a null widget to QVBoxLayout/
QLayout: Cannot add a null widget to QVBoxLayout/
QLayout: Cannot add a null widget to QVBoxLayout/
QLayout: Cannot add a null widget to QVBoxLayout/
QLayout: Cannot add a null widget to QVBoxLayout/
QLayout: Cannot add a null widget to QVBoxLayout/
[2026-02-19 18:08:17.103] [info] [mainwindow.cpp(createToolsRibbon):4524] Read Info: s_locFiveBaseCore:0019672b1af39f27d1a4215af3b2c7d2
[2026-02-19 18:08:17.103] [info] [mainwindow.cpp(createToolsRibbon):4524] Read Info: s_locFiveBaseCore:0019672b1af39f27d1a4215af3b2c7d2
QObject::connect: No such signal FontComboBox::itemHovered(int)
QObject::connect:  (receiver name: 'RibbonMainWindow')
QObject::connect: No such signal FontComboBox::leavePupop()
QObject::connect:  (receiver name: 'RibbonMainWindow')
libpng warning: iCCP: known incorrect sRGB profile
libpng warning: iCCP: known incorrect sRGB profile
libpng warning: iCCP: known incorrect sRGB profile
QObject::connect: No such signal FontComboBox::itemHovered(int)
QObject::connect:  (receiver name: 'RibbonMainWindow')
QObject::connect: No such signal FontComboBox::leavePupop()
QObject::connect:  (receiver name: 'RibbonMainWindow')
libpng warning: iCCP: known incorrect sRGB profile
libpng warning: iCCP: known incorrect sRGB profile
QObject::connect: No such signal FontComboBox::itemHovered(int)
QObject::connect:  (receiver name: 'RibbonMainWindow')
QObject::connect: No such signal FontComboBox::leavePupop()
QObject::connect:  (receiver name: 'RibbonMainWindow')
libpng warning: iCCP: known incorrect sRGB profile
libpng warning: iCCP: known incorrect sRGB profile
libpng warning: iCCP: known incorrect sRGB profile
QObject::connect: No such signal FontComboBox::itemHovered(int)
QObject::connect:  (receiver name: 'RibbonMainWindow')
QObject::connect: No such signal FontComboBox::leavePupop()
QObject::connect:  (receiver name: 'RibbonMainWindow')
libpng warning: iCCP: known incorrect sRGB profile
QCoreApplication::postEvent: Unexpected null receiver
QCoreApplication::postEvent: Unexpected null receiver
QCoreApplication::postEvent: Unexpected null receiver
QCoreApplication::postEvent: Unexpected null receiver
QCoreApplication::postEvent: Unexpected null receiver
QCoreApplication::postEvent: Unexpected null receiver
QCoreApplication::postEvent: Unexpected null receiver
QCoreApplication::postEvent: Unexpected null receiver
QCoreApplication::postEvent: Unexpected null receiver
QCoreApplication::postEvent: Unexpected null receiver
QCoreApplication::postEvent: Unexpected null receiver
QCoreApplication::postEvent: Unexpected null receiver
QCoreApplication::postEvent: Unexpected null receiver
[2026-02-19 18:08:17.801] [info] [mainwindow.cpp(openStartFile):22382] MainWindow::openStartFile
[2026-02-19 18:08:17.801] [info] [mainwindow.cpp(openStartFile):22382] MainWindow::openStartFile
[2026-02-19 18:08:17.875] [info] [saveparse.cpp(loadFromDDX):1571] Load QTemporaryDir information./tmp/EdrawMax-AgRfEc
[2026-02-19 18:08:17.875] [info] [saveparse.cpp(loadFromDDX):1571] Load QTemporaryDir information./tmp/EdrawMax-AgRfEc
----m_sndAutoSaveElapse =  300
[2026-02-19 18:08:17.896] [info] [edlibrary.cpp(loadWebLibraryFile):1231] edl icons count: 124 /home/ga/Edraw/edrawmax/library/all/Arrow Shapes/10250415.edl
[2026-02-19 18:08:17.896] [info] [edlibrary.cpp(loadWebLibraryFile):1231] edl icons count: 124 /home/ga/Edraw/edrawmax/library/all/Arrow Shapes/10250415.edl
[2026-02-19 18:08:17.922] [info] [edlibrary.cpp(loadWebLibraryFile):1231] edl icons count: 29 /home/ga/Edraw/edrawmax/library/all/Callouts/10250415.edl
[2026-02-19 18:08:17.922] [info] [edlibrary.cpp(loadWebLibraryFile):1231] edl icons count: 29 /home/ga/Edraw/edrawmax/library/all/Callouts/10250415.edl
[2026-02-19 18:08:17.929] [info] [edlibrary.cpp(loadWebLibraryFile):1231] edl icons count: 34 /home/ga/Edraw/edrawmax/library/all/Basic Flowchart Shapes/10250415.edl
[2026-02-19 18:08:17.929] [info] [edlibrary.cpp(loadWebLibraryFile):1231] edl icons count: 34 /home/ga/Edraw/edrawmax/library/all/Basic Flowchart Shapes/10250415.edl
QCoreApplication::postEvent: Unexpected null receiver
QCoreApplication::postEvent: Unexpected null receiver
QCoreApplication::postEvent: Unexpected null receiver
QCoreApplication::postEvent: Unexpected null receiver
QCoreApplication::postEvent: Unexpected null receiver
QCoreApplication::postEvent: Unexpected null receiver
QCoreApplication::postEvent: Unexpected null receiver
QCoreApplication::postEvent: Unexpected null receiver
QCoreApplication::postEvent: Unexpected null receiver
QCoreApplication::postEvent: Unexpected null receiver
QCoreApplication::postEvent: Unexpected null receiver
QCoreApplication::postEvent: Unexpected null receiver
QCoreApplication::postEvent: Unexpected null receiver
[2026-02-19 18:08:17.965] [info] [edlibrary.cpp(loadFromFile):134] libpath: /home/ga/Edraw/edrawmax/library/custom/my-library.edt
[2026-02-19 18:08:17.965] [info] [edlibrary.cpp(loadFromFile):134] libpath: /home/ga/Edraw/edrawmax/library/custom/my-library.edt
[2026-02-19 18:08:17.965] [info] [edlibrary.cpp(loadFromFile):216] lib icons count: 0
[2026-02-19 18:08:17.965] [info] [edlibrary.cpp(loadFromFile):216] lib icons count: 0
OpenExistFile "{\"duration\":\"0.17\",\"file_type\":\"local\",\"open_type\":\"doubleClick\",\"result\":\"success\"}"
[2026-02-19 18:08:17.967] [info] [main.cpp(default_main_handling):384] splash finished.
[2026-02-19 18:08:17.967] [info] [main.cpp(default_main_handling):384] splash finished.
[2026-02-19 18:08:17.967] [info] [main.cpp(default_main_handling):395] main window start show.
[2026-02-19 18:08:17.967] [info] [main.cpp(default_main_handling):395] main window start show.
[2026-02-19 18:08:17.967] [info] [app_init.cpp(PrintOpenFilePath):1136] options init
[2026-02-19 18:08:17.967] [info] [app_init.cpp(PrintOpenFilePath):1136] options init
[2026-02-19 18:08:17.968] [info] [application.cpp(hasProcessAbnormalExit):887] hasProcessAbnormalExit
[2026-02-19 18:08:17.968] [info] [application.cpp(hasProcessAbnormalExit):887] hasProcessAbnormalExit
CanvasDuration "switchPage" "{\"duration\":\"0.01\"}"
[2026-02-19 18:08:18.295] [info] [mainwindow.cpp(initNetworkRequest):29190] applicationProxy: 2
[2026-02-19 18:08:18.295] [info] [mainwindow.cpp(initNetworkRequest):29190] applicationProxy: 2
[2026-02-19 18:08:18.427] [info] [weblibrarymanager.cpp(getAllLibInfoFinished):842] update web library data
[2026-02-19 18:08:18.427] [info] [weblibrarymanager.cpp(getAllLibInfoFinished):842] update web library data
[2026-02-19 18:08:18.503] [info] [cefbrowserbase.cpp(showEvent):1082] CefBrowserBase::showEvent3: 9
[2026-02-19 18:08:18.503] [info] [cefbrowserbase.cpp(showEvent):1082] CefBrowserBase::showEvent3: 9
[2026-02-19 18:08:18.609] [info] [edcloudmanager.cpp(parseSendUserInfo):7565] parseSendUserInfo---senduserInfo error
[2026-02-19 18:08:18.609] [info] [edcloudmanager.cpp(parseSendUserInfo):7565] parseSendUserInfo---senduserInfo error
getPPTPluginConfigFinished:  "{\"status\":\"success\",\"data\":\"{\\\"relax_right\\\":false,\\\"promo_phase\\\":2,\\\"next_phase\\\":2,\\\"next_start\\\":1762956000}\",\"msg\":null}"
Dismissing EdrawMax startup dialogs...
[2026-02-19 18:08:35.957] [info] [cefbrowserbase.cpp(hideEvent):1202] CefBrowserBase::hideEvent: 9
[2026-02-19 18:08:35.957] [info] [cefbrowserbase.cpp(hideEvent):1202] CefBrowserBase::hideEvent: 9
File Recovery dialog detected - dismissing...
Dialog dismissal complete.
Start state screenshot saved to /tmp/add_page_start.png
=== add_page_to_diagram task setup complete ===
EdrawMax is open with /home/ga/multipage_diagram.eddx (flowchart). Agent should add a new page named 'Notes', add a text box, then save.
