=== INSTALLATION EVIDENCE ===

--- SeisComP binaries ---
-rwxr-xr-x 1 ga ga 2504896 Feb 19 09:40 /home/ga/seiscomp/bin/scconfig
-rwxr-xr-x 1 ga ga  425024 Feb 19 09:40 /home/ga/seiscomp/bin/scmaster
-rwxr-xr-x 1 ga ga  660496 Feb 19 09:40 /home/ga/seiscomp/bin/scmv
-rwxr-xr-x 1 ga ga  460480 Feb 19 09:40 /home/ga/seiscomp/bin/scolv
-rwxr-xr-x 1 ga ga  918056 Feb 19 09:40 /home/ga/seiscomp/bin/scrttv
-rwxr-xr-x 1 ga ga    1231 Feb 19 09:40 /home/ga/seiscomp/bin/seiscomp

--- MariaDB running ---
active

--- scmaster running ---
scmaster             is running
Summary: 1 modules reported

=== DATA EVIDENCE ===

--- Station inventory (FDSN StationXML from GEOFON) ---
-rw-r--r-- 1 ga ga 1344061 Mar  3 23:57 /home/ga/seiscomp/var/lib/inventory/ge_stations.xml

--- Converted SeisComP inventory ---
-rw-rw-r-- 1 ga ga 327074 Mar  3 23:57 /home/ga/seiscomp/var/lib/inventory/ge_stations.scml

--- Event data (QuakeML from USGS) ---
-rw-r--r-- 1 ga ga 2814 Mar  3 23:57 /home/ga/seiscomp/var/lib/events/noto_earthquake.xml

--- Converted SeisComP event data ---
-rw-rw-r-- 1 ga ga 1460 Mar  3 23:57 /home/ga/seiscomp/var/lib/events/noto_earthquake.scml

=== DATABASE EVIDENCE ===

Tables: 65
Events: 1
Origins: 1
OriginReferences: 1
Networks: 1
Stations: 5

--- Event details ---
preferredOriginID	eventType	description
Origin/20260303235706.554583.2	NULL	2024 Noto Peninsula, Japan Earthquake

--- Origin details ---
publicID	time_value	latitude_value	longitude_value	depth_value
Origin/20260303235706.554583.2	2024-01-01 07:10:09	37.4874	137.271	10

=== CONFIGURATION ===

--- global.cfg ---
plugins = dbmysql
database = mysql://sysop:sysop@localhost/seiscomp
agencyID = GYM
datacenterID = gym.seiscomp
organization = Gym Anything Seismology Lab

--- scolv.cfg ---
loadEventDB = 1000

--- Station key files ---
/home/ga/seiscomp/etc/key/station_GE_BKB
/home/ga/seiscomp/etc/key/station_GE_GSI
/home/ga/seiscomp/etc/key/station_GE_KWP
/home/ga/seiscomp/etc/key/station_GE_SANI
/home/ga/seiscomp/etc/key/station_GE_TOLI

--- Inventory for scconfig ---
-rw-r--r-- 1 ga ga 327074 Mar  3 23:57 /home/ga/seiscomp/etc/inventory/ge_stations.xml
