=== Setting up Rocket.Chat ===
Waiting for Docker daemon...
Docker is ready
No Docker Hub credential file found under /workspace/config (anonymous pulls will be used)
Using compose command: docker-compose
Pulling Rocket.Chat stack images...
Starting MongoDB and NATS...
Creating network "rocketchat_default" with the default driver
Creating volume "rocketchat_rc_mongodb_data" with local driver
Creating rc-nats ... 
Creating rc-mongodb ... 
Creating rc-mongodb ... done
Creating rc-nats    ... done
Waiting for MongoDB container to accept commands...
MongoDB is ready
Initializing MongoDB replica set rs0
{
  ok: 1,
  '$clusterTime': {
    clusterTime: Timestamp({ t: 1771209946, i: 1 }),
    signature: {
      hash: Binary.createFromBase64('AAAAAAAAAAAAAAAAAAAAAAAAAAA=', 0),
      keyId: Long('0')
    }
  },
  operationTime: Timestamp({ t: 1771209946, i: 1 })
}
Waiting for MongoDB PRIMARY state...
MongoDB replica set is PRIMARY
Starting Rocket.Chat...
rc-nats is up-to-date
rc-mongodb is up-to-date
Creating rc-rocketchat ... 
Creating rc-rocketchat ... done
Waiting for Rocket.Chat HTTP readiness at http://localhost:3000...
Rocket.Chat responded with HTTP 200 after 25s
Seeding Rocket.Chat workspace with real release data...
{"status": "ok", "channel": "release-updates", "seeded_message_count": 12, "target_release": {"tag_name": "8.1.0", "name": "8.1.0", "published_at": "2026-02-10T02:38:02Z", "html_url": "https://github.com/RocketChat/Rocket.Chat/releases/tag/8.1.0"}}
Setting up Firefox profile for deterministic startup
=== Rocket.Chat setup complete ===
Rocket.Chat URL: http://localhost:3000
Admin credentials: admin / Admin1234!
Agent credentials: agent.user / AgentPass123!
Seed manifest: /tmp/rocket_chat_seed_manifest.json
